2026-08-01 07:34:11.5166|INFO|Microsoft.EntityFrameworkCore.Database.Command|Executed DbCommand (5ms) [Parameters=[], CommandType='Text', CommandTimeout='30']
SELECT "t"."Value"
FROM (
    SELECT COUNT(1) AS Value FROM sqlite_master WHERE type='table' AND name='__EFMigrationsHistory'
) AS "t"
LIMIT 2
2026-08-01 07:34:11.5495|INFO|Microsoft.EntityFrameworkCore.Database.Command|Executed DbCommand (0ms) [Parameters=[], CommandType='Text', CommandTimeout='30']
SELECT "t"."Value"
FROM (
    SELECT COUNT(1) AS Value FROM sqlite_master WHERE type='table' AND name='__EFMigrationsHistory'
) AS "t"
LIMIT 2
2026-08-01 07:34:11.5495|INFO|Microsoft.EntityFrameworkCore.Database.Command|Executed DbCommand (0ms) [Parameters=[], CommandType='Text', CommandTimeout='30']
SELECT "t"."Value"
FROM (
    SELECT COUNT(1) AS Value FROM __EFMigrationsHistory WHERE MigrationId = '20260713103700_AddBidirectionalSyncMetadataSqlite'
) AS "t"
LIMIT 2
2026-08-01 07:34:11.5674|INFO|Microsoft.EntityFrameworkCore.Database.Command|Executed DbCommand (1ms) [Parameters=[], CommandType='Text', CommandTimeout='30']
SELECT COUNT(*) FROM "sqlite_master" WHERE "name" = '__EFMigrationsHistory' AND "type" = 'table';
2026-08-01 07:34:11.5674|INFO|Microsoft.EntityFrameworkCore.Database.Command|Executed DbCommand (0ms) [Parameters=[], CommandType='Text', CommandTimeout='30']
SELECT COUNT(*) FROM "sqlite_master" WHERE "name" = '__EFMigrationsHistory' AND "type" = 'table';
2026-08-01 07:34:11.5674|INFO|Microsoft.EntityFrameworkCore.Database.Command|Executed DbCommand (0ms) [Parameters=[], CommandType='Text', CommandTimeout='30']
SELECT "MigrationId", "ProductVersion"
FROM "__EFMigrationsHistory"
ORDER BY "MigrationId";
2026-08-01 07:34:11.5837|INFO|Microsoft.EntityFrameworkCore.Migrations|No migrations were applied. The database is already up to date.
2026-08-01 07:34:13.1366|INFO|Microsoft.EntityFrameworkCore.Database.Command|Executed DbCommand (0ms) [Parameters=[], CommandType='Text', CommandTimeout='30']
SELECT "t"."id", "t"."fk_id_verein", "t"."fk_id_disziplin", "t"."fk_id_wetter", "t"."name", "t"."beschreibung", "t"."zeitpunkt", "t"."training_abgeschlossen", CASE
    WHEN "t"."training_abgeschlossen" THEN 'Ja'
    ELSE 'Nein'
END, "t0"."vereinsname", "t1"."disziplin", "t2"."wetter"
FROM "training" AS "t"
INNER JOIN (
    SELECT "v"."id", "v"."vereinsname"
    FROM "vereine" AS "v"
    WHERE NOT ("v"."is_deleted")
) AS "t0" ON "t"."fk_id_verein" = "t0"."id"
INNER JOIN (
    SELECT "d"."id", "d"."disziplin"
    FROM "disziplin" AS "d"
    WHERE NOT ("d"."is_deleted")
) AS "t1" ON "t"."fk_id_disziplin" = "t1"."id"
INNER JOIN (
    SELECT "w"."id", "w"."wetter"
    FROM "wetter" AS "w"
    WHERE NOT ("w"."is_deleted")
) AS "t2" ON "t"."fk_id_wetter" = "t2"."id"
WHERE NOT ("t"."is_deleted")
ORDER BY "t"."zeitpunkt" DESC, "t"."name"
2026-08-01 07:34:13.2313|INFO|Microsoft.EntityFrameworkCore.Database.Command|Executed DbCommand (0ms) [Parameters=[], CommandType='Text', CommandTimeout='30']
SELECT "d"."id", "d"."deleted_at_utc", "d"."is_deleted", "d"."disziplin", "d"."updated_at_utc", "d"."pf", "d"."tf", "t"."id", "t"."alter_bis", "t"."alter_von", "t"."bezeichnung", "t"."deleted_at_utc", "t"."fk_id_disziplin", "t"."is_deleted", "t"."updated_at_utc"
FROM "disziplin" AS "d"
LEFT JOIN (
    SELECT "d0"."id", "d0"."alter_bis", "d0"."alter_von", "d0"."bezeichnung", "d0"."deleted_at_utc", "d0"."fk_id_disziplin", "d0"."is_deleted", "d0"."updated_at_utc"
    FROM "disziplin_altersklassen" AS "d0"
    WHERE NOT ("d0"."is_deleted")
) AS "t" ON "d"."id" = "t"."fk_id_disziplin"
WHERE NOT ("d"."is_deleted")
ORDER BY "d"."disziplin", "d"."id"
2026-08-01 07:34:13.2474|INFO|Microsoft.EntityFrameworkCore.Database.Command|Executed DbCommand (2ms) [Parameters=[], CommandType='Text', CommandTimeout='30']
SELECT "v"."id", "v"."adresse", "v"."deleted_at_utc", "v"."is_deleted", "v"."logo", "v"."mitglieds_nummer", "v"."ort", "v"."postleitzahl", "v"."updated_at_utc", "v"."vereinsname"
FROM "vereine" AS "v"
WHERE NOT ("v"."is_deleted")
ORDER BY "v"."vereinsname"
2026-08-01 07:34:13.2964|INFO|Microsoft.EntityFrameworkCore.Database.Command|Executed DbCommand (0ms) [Parameters=[], CommandType='Text', CommandTimeout='30']
SELECT "f"."id", "f"."fk_id_verein", "f"."geschlecht", "f"."vorname", COALESCE("f"."nachname", ''), "f"."mitglieds_nummer", "f"."geburtsdatum", "f"."geburtsdatum" IS NOT NULL, "t"."vereinsname"
FROM "fahrer" AS "f"
INNER JOIN (
    SELECT "v"."id", "v"."vereinsname"
    FROM "vereine" AS "v"
    WHERE NOT ("v"."is_deleted")
) AS "t" ON "f"."fk_id_verein" = "t"."id"
WHERE NOT ("f"."is_deleted")
ORDER BY "f"."vorname", "f"."nachname"
2026-08-01 07:34:13.3056|INFO|Microsoft.EntityFrameworkCore.Database.Command|Executed DbCommand (0ms) [Parameters=[], CommandType='Text', CommandTimeout='30']
SELECT "k"."id" AS "Id", "k"."fk_id_verein" AS "VereinId", "k"."fk_id_disziplin" AS "DisziplinId", COALESCE("k"."Name", '') AS "Name", COALESCE("k"."Motor", '') AS "Motor", COALESCE("k"."Chassis", '') AS "Chassis", "t"."vereinsname" AS "VereinName", "t0"."disziplin" AS "DisziplinName"
FROM "karts" AS "k"
INNER JOIN (
    SELECT "v"."id", "v"."vereinsname"
    FROM "vereine" AS "v"
    WHERE NOT ("v"."is_deleted")
) AS "t" ON "k"."fk_id_verein" = "t"."id"
INNER JOIN (
    SELECT "d"."id", "d"."disziplin"
    FROM "disziplin" AS "d"
    WHERE NOT ("d"."is_deleted")
) AS "t0" ON "k"."fk_id_disziplin" = "t0"."id"
WHERE NOT ("k"."is_deleted")
ORDER BY "k"."Name"
2026-08-01 07:34:13.3056|INFO|Microsoft.EntityFrameworkCore.Database.Command|Executed DbCommand (0ms) [Parameters=[], CommandType='Text', CommandTimeout='30']
SELECT "w"."id" AS "Id", "w"."wetter" AS "Name"
FROM "wetter" AS "w"
WHERE NOT ("w"."is_deleted")
ORDER BY "w"."wetter"
2026-08-01 07:34:13.3153|INFO|Microsoft.EntityFrameworkCore.Database.Command|Executed DbCommand (0ms) [Parameters=[], CommandType='Text', CommandTimeout='30']
SELECT "v"."id" AS "Id", "v"."vereinsname" AS "Name"
FROM "vereine" AS "v"
WHERE NOT ("v"."is_deleted")
ORDER BY "v"."vereinsname"
2026-08-01 07:34:13.3153|INFO|Microsoft.EntityFrameworkCore.Database.Command|Executed DbCommand (0ms) [Parameters=[], CommandType='Text', CommandTimeout='30']
SELECT "d"."id" AS "Id", "d"."disziplin" AS "Name"
FROM "disziplin" AS "d"
WHERE NOT ("d"."is_deleted")
ORDER BY "d"."disziplin"
2026-08-01 07:34:13.3153|INFO|Microsoft.EntityFrameworkCore.Database.Command|Executed DbCommand (0ms) [Parameters=[], CommandType='Text', CommandTimeout='30']
SELECT "w"."id" AS "Id", "w"."wetter" AS "Name"
FROM "wetter" AS "w"
WHERE NOT ("w"."is_deleted")
ORDER BY "w"."wetter"
2026-08-01 07:34:13.3153|INFO|Microsoft.EntityFrameworkCore.Database.Command|Executed DbCommand (0ms) [Parameters=[], CommandType='Text', CommandTimeout='30']
SELECT "k"."id", "k"."Name" IS NULL OR trim("k"."Name") = '', "k"."Name"
FROM "karts" AS "k"
WHERE NOT ("k"."is_deleted")
ORDER BY "k"."Name", "k"."id"
2026-08-01 07:34:28.4443|INFO|Microsoft.EntityFrameworkCore.Database.Command|Executed DbCommand (2ms) [Parameters=[@__trainingId_0='?' (DbType = Int32)], CommandType='Text', CommandTimeout='30']
SELECT "t"."id", "t"."beschreibung", "t"."deleted_at_utc", "t"."fk_id_disziplin", "t"."is_deleted", "t"."name", "t"."training_abgeschlossen", "t"."updated_at_utc", "t"."fk_id_verein", "t"."fk_id_wetter", "t"."zeitpunkt", "t0"."id", "t0"."adresse", "t0"."deleted_at_utc", "t0"."is_deleted", "t0"."logo", "t0"."mitglieds_nummer", "t0"."ort", "t0"."postleitzahl", "t0"."updated_at_utc", "t0"."vereinsname", "t1"."id", "t1"."deleted_at_utc", "t1"."is_deleted", "t1"."disziplin", "t1"."updated_at_utc", "t1"."pf", "t1"."tf", "t2"."id", "t2"."wetter", "t2"."deleted_at_utc", "t2"."is_deleted", "t2"."updated_at_utc"
FROM "training" AS "t"
INNER JOIN (
    SELECT "v"."id", "v"."adresse", "v"."deleted_at_utc", "v"."is_deleted", "v"."logo", "v"."mitglieds_nummer", "v"."ort", "v"."postleitzahl", "v"."updated_at_utc", "v"."vereinsname"
    FROM "vereine" AS "v"
    WHERE NOT ("v"."is_deleted")
) AS "t0" ON "t"."fk_id_verein" = "t0"."id"
INNER JOIN (
    SELECT "d"."id", "d"."deleted_at_utc", "d"."is_deleted", "d"."disziplin", "d"."updated_at_utc", "d"."pf", "d"."tf"
    FROM "disziplin" AS "d"
    WHERE NOT ("d"."is_deleted")
) AS "t1" ON "t"."fk_id_disziplin" = "t1"."id"
INNER JOIN (
    SELECT "w"."id", "w"."wetter", "w"."deleted_at_utc", "w"."is_deleted", "w"."updated_at_utc"
    FROM "wetter" AS "w"
    WHERE NOT ("w"."is_deleted")
) AS "t2" ON "t"."fk_id_wetter" = "t2"."id"
WHERE NOT ("t"."is_deleted") AND "t"."id" = @__trainingId_0
LIMIT 1
2026-08-01 07:34:28.4544|INFO|Microsoft.EntityFrameworkCore.Database.Command|Executed DbCommand (0ms) [Parameters=[@__trainingId_0='?' (DbType = Int32)], CommandType='Text', CommandTimeout='30']
SELECT "t"."zeitpunkt" AS "Zeitpunkt", "t"."fk_id_disziplin" AS "DisziplinId"
FROM "training" AS "t"
WHERE NOT ("t"."is_deleted") AND "t"."id" = @__trainingId_0
LIMIT 1
2026-08-01 07:34:28.4544|INFO|Microsoft.EntityFrameworkCore.Database.Command|Executed DbCommand (0ms) [Parameters=[@__trainingMeta_DisziplinId_0='?' (DbType = Int32)], CommandType='Text', CommandTimeout='30']
SELECT "d"."id", "d"."alter_bis", "d"."alter_von", "d"."bezeichnung", "d"."deleted_at_utc", "d"."fk_id_disziplin", "d"."is_deleted", "d"."updated_at_utc"
FROM "disziplin_altersklassen" AS "d"
WHERE NOT ("d"."is_deleted") AND "d"."fk_id_disziplin" = @__trainingMeta_DisziplinId_0
ORDER BY "d"."alter_von", COALESCE("d"."alter_bis", 2147483647)
2026-08-01 07:34:28.4766|INFO|Microsoft.EntityFrameworkCore.Database.Command|Executed DbCommand (0ms) [Parameters=[@__trainingId_0='?' (DbType = Int32)], CommandType='Text', CommandTimeout='30']
SELECT "f"."fk_id_fahrer" AS "FahrerId", "f"."reihenfolge" AS "Reihenfolge", "t"."vorname" AS "Vorname", COALESCE("t"."nachname", '') AS "Nachname", "t0"."vereinsname" AS "VereinName", "t"."geburtsdatum" AS "Geburtsdatum"
FROM "fahrer_im_training" AS "f"
INNER JOIN (
    SELECT "f0"."id", "f0"."geburtsdatum", "f0"."nachname", "f0"."fk_id_verein", "f0"."vorname"
    FROM "fahrer" AS "f0"
    WHERE NOT ("f0"."is_deleted")
) AS "t" ON "f"."fk_id_fahrer" = "t"."id"
INNER JOIN (
    SELECT "v"."id", "v"."vereinsname"
    FROM "vereine" AS "v"
    WHERE NOT ("v"."is_deleted")
) AS "t0" ON "t"."fk_id_verein" = "t0"."id"
WHERE NOT ("f"."is_deleted") AND "f"."fk_id_training" = @__trainingId_0
ORDER BY "f"."reihenfolge", "t"."vorname", "t"."nachname"
2026-08-01 07:34:28.4901|INFO|Microsoft.EntityFrameworkCore.Database.Command|Executed DbCommand (0ms) [Parameters=[@__trainingId_0='?' (DbType = Int32)], CommandType='Text', CommandTimeout='30']
SELECT "t0"."tf" AS "Torfehler", "t0"."pf" AS "Pylonenfehler"
FROM "training" AS "t"
INNER JOIN (
    SELECT "d"."id", "d"."pf", "d"."tf"
    FROM "disziplin" AS "d"
    WHERE NOT ("d"."is_deleted")
) AS "t0" ON "t"."fk_id_disziplin" = "t0"."id"
WHERE NOT ("t"."is_deleted") AND "t"."id" = @__trainingId_0
LIMIT 1
2026-08-01 07:34:28.5006|INFO|Microsoft.EntityFrameworkCore.Database.Command|Executed DbCommand (0ms) [Parameters=[@__trainingId_0='?' (DbType = Int32)], CommandType='Text', CommandTimeout='30']
SELECT "t0"."fk_id_fahrer" AS "FahrerId", "t2"."vorname" AS "Vorname", COALESCE("t2"."nachname", '') AS "Nachname", "t0"."altersklasse_snapshot" AS "AltersklasseSnapshot", "t3"."Name" AS "KartName", "t0"."datum" AS "Zeitpunkt", COALESCE("t"."runde", 0) AS "Runde", "t"."rundenzeit" AS "Rundenzeit", COALESCE("t"."pf", 0) AS "Pylonen", COALESCE("t"."tf", 0) AS "Tore", "t"."ungueltig" AS "Ungueltig"
FROM "trunden" AS "t"
LEFT JOIN (
    SELECT "t1"."id", "t1"."altersklasse_snapshot", "t1"."datum", "t1"."fk_id_fahrer", "t1"."fk_id_kart", "t1"."fk_id_training"
    FROM "tstints" AS "t1"
    WHERE NOT ("t1"."is_deleted")
) AS "t0" ON "t"."fk_id_tstint" = "t0"."id"
LEFT JOIN (
    SELECT "f"."id", "f"."nachname", "f"."vorname"
    FROM "fahrer" AS "f"
    WHERE NOT ("f"."is_deleted")
) AS "t2" ON "t0"."fk_id_fahrer" = "t2"."id"
LEFT JOIN (
    SELECT "k"."id", "k"."Name"
    FROM "karts" AS "k"
    WHERE NOT ("k"."is_deleted")
) AS "t3" ON "t0"."fk_id_kart" = "t3"."id"
WHERE NOT ("t"."is_deleted") AND "t0"."id" IS NOT NULL AND "t0"."fk_id_training" = @__trainingId_0
2026-08-01 07:34:28.5635|ERROR|Microsoft.EntityFrameworkCore.Database.Connection|An error occurred using the connection to database '' on server '10.10.2.58'.
2026-08-01 07:34:34.2684|INFO|Microsoft.EntityFrameworkCore.Database.Command|Executed DbCommand (0ms) [Parameters=[], CommandType='Text', CommandTimeout='30']
SELECT "t"."id", "t"."fk_id_verein", "t"."fk_id_disziplin", "t"."fk_id_wetter", "t"."name", "t"."beschreibung", "t"."zeitpunkt", "t"."training_abgeschlossen", CASE
    WHEN "t"."training_abgeschlossen" THEN 'Ja'
    ELSE 'Nein'
END, "t0"."vereinsname", "t1"."disziplin", "t2"."wetter"
FROM "training" AS "t"
INNER JOIN (
    SELECT "v"."id", "v"."vereinsname"
    FROM "vereine" AS "v"
    WHERE NOT ("v"."is_deleted")
) AS "t0" ON "t"."fk_id_verein" = "t0"."id"
INNER JOIN (
    SELECT "d"."id", "d"."disziplin"
    FROM "disziplin" AS "d"
    WHERE NOT ("d"."is_deleted")
) AS "t1" ON "t"."fk_id_disziplin" = "t1"."id"
INNER JOIN (
    SELECT "w"."id", "w"."wetter"
    FROM "wetter" AS "w"
    WHERE NOT ("w"."is_deleted")
) AS "t2" ON "t"."fk_id_wetter" = "t2"."id"
WHERE NOT ("t"."is_deleted")
ORDER BY "t"."zeitpunkt" DESC, "t"."name"
2026-08-01 07:34:36.8407|INFO|Microsoft.EntityFrameworkCore.Database.Command|Executed DbCommand (1ms) [Parameters=[@__trainingId_0='?' (DbType = Int32)], CommandType='Text', CommandTimeout='30']
SELECT "t"."id", "t"."beschreibung", "t"."deleted_at_utc", "t"."fk_id_disziplin", "t"."is_deleted", "t"."name", "t"."training_abgeschlossen", "t"."updated_at_utc", "t"."fk_id_verein", "t"."fk_id_wetter", "t"."zeitpunkt", "t0"."id", "t0"."adresse", "t0"."deleted_at_utc", "t0"."is_deleted", "t0"."logo", "t0"."mitglieds_nummer", "t0"."ort", "t0"."postleitzahl", "t0"."updated_at_utc", "t0"."vereinsname", "t1"."id", "t1"."deleted_at_utc", "t1"."is_deleted", "t1"."disziplin", "t1"."updated_at_utc", "t1"."pf", "t1"."tf", "t2"."id", "t2"."wetter", "t2"."deleted_at_utc", "t2"."is_deleted", "t2"."updated_at_utc"
FROM "training" AS "t"
INNER JOIN (
    SELECT "v"."id", "v"."adresse", "v"."deleted_at_utc", "v"."is_deleted", "v"."logo", "v"."mitglieds_nummer", "v"."ort", "v"."postleitzahl", "v"."updated_at_utc", "v"."vereinsname"
    FROM "vereine" AS "v"
    WHERE NOT ("v"."is_deleted")
) AS "t0" ON "t"."fk_id_verein" = "t0"."id"
INNER JOIN (
    SELECT "d"."id", "d"."deleted_at_utc", "d"."is_deleted", "d"."disziplin", "d"."updated_at_utc", "d"."pf", "d"."tf"
    FROM "disziplin" AS "d"
    WHERE NOT ("d"."is_deleted")
) AS "t1" ON "t"."fk_id_disziplin" = "t1"."id"
INNER JOIN (
    SELECT "w"."id", "w"."wetter", "w"."deleted_at_utc", "w"."is_deleted", "w"."updated_at_utc"
    FROM "wetter" AS "w"
    WHERE NOT ("w"."is_deleted")
) AS "t2" ON "t"."fk_id_wetter" = "t2"."id"
WHERE NOT ("t"."is_deleted") AND "t"."id" = @__trainingId_0
LIMIT 1
2026-08-01 07:34:36.8407|INFO|Microsoft.EntityFrameworkCore.Database.Command|Executed DbCommand (0ms) [Parameters=[@__trainingId_0='?' (DbType = Int32)], CommandType='Text', CommandTimeout='30']
SELECT "t"."zeitpunkt" AS "Zeitpunkt", "t"."fk_id_disziplin" AS "DisziplinId"
FROM "training" AS "t"
WHERE NOT ("t"."is_deleted") AND "t"."id" = @__trainingId_0
LIMIT 1
2026-08-01 07:34:36.8407|INFO|Microsoft.EntityFrameworkCore.Database.Command|Executed DbCommand (0ms) [Parameters=[@__trainingMeta_DisziplinId_0='?' (DbType = Int32)], CommandType='Text', CommandTimeout='30']
SELECT "d"."id", "d"."alter_bis", "d"."alter_von", "d"."bezeichnung", "d"."deleted_at_utc", "d"."fk_id_disziplin", "d"."is_deleted", "d"."updated_at_utc"
FROM "disziplin_altersklassen" AS "d"
WHERE NOT ("d"."is_deleted") AND "d"."fk_id_disziplin" = @__trainingMeta_DisziplinId_0
ORDER BY "d"."alter_von", COALESCE("d"."alter_bis", 2147483647)
2026-08-01 07:34:36.8440|INFO|Microsoft.EntityFrameworkCore.Database.Command|Executed DbCommand (0ms) [Parameters=[@__trainingId_0='?' (DbType = Int32)], CommandType='Text', CommandTimeout='30']
SELECT "f"."fk_id_fahrer" AS "FahrerId", "f"."reihenfolge" AS "Reihenfolge", "t"."vorname" AS "Vorname", COALESCE("t"."nachname", '') AS "Nachname", "t0"."vereinsname" AS "VereinName", "t"."geburtsdatum" AS "Geburtsdatum"
FROM "fahrer_im_training" AS "f"
INNER JOIN (
    SELECT "f0"."id", "f0"."geburtsdatum", "f0"."nachname", "f0"."fk_id_verein", "f0"."vorname"
    FROM "fahrer" AS "f0"
    WHERE NOT ("f0"."is_deleted")
) AS "t" ON "f"."fk_id_fahrer" = "t"."id"
INNER JOIN (
    SELECT "v"."id", "v"."vereinsname"
    FROM "vereine" AS "v"
    WHERE NOT ("v"."is_deleted")
) AS "t0" ON "t"."fk_id_verein" = "t0"."id"
WHERE NOT ("f"."is_deleted") AND "f"."fk_id_training" = @__trainingId_0
ORDER BY "f"."reihenfolge", "t"."vorname", "t"."nachname"
2026-08-01 07:34:36.8440|INFO|Microsoft.EntityFrameworkCore.Database.Command|Executed DbCommand (0ms) [Parameters=[@__trainingId_0='?' (DbType = Int32)], CommandType='Text', CommandTimeout='30']
SELECT "t0"."tf" AS "Torfehler", "t0"."pf" AS "Pylonenfehler"
FROM "training" AS "t"
INNER JOIN (
    SELECT "d"."id", "d"."pf", "d"."tf"
    FROM "disziplin" AS "d"
    WHERE NOT ("d"."is_deleted")
) AS "t0" ON "t"."fk_id_disziplin" = "t0"."id"
WHERE NOT ("t"."is_deleted") AND "t"."id" = @__trainingId_0
LIMIT 1
2026-08-01 07:34:36.8440|INFO|Microsoft.EntityFrameworkCore.Database.Command|Executed DbCommand (0ms) [Parameters=[@__trainingId_0='?' (DbType = Int32)], CommandType='Text', CommandTimeout='30']
SELECT "t0"."fk_id_fahrer" AS "FahrerId", "t2"."vorname" AS "Vorname", COALESCE("t2"."nachname", '') AS "Nachname", "t0"."altersklasse_snapshot" AS "AltersklasseSnapshot", "t3"."Name" AS "KartName", "t0"."datum" AS "Zeitpunkt", COALESCE("t"."runde", 0) AS "Runde", "t"."rundenzeit" AS "Rundenzeit", COALESCE("t"."pf", 0) AS "Pylonen", COALESCE("t"."tf", 0) AS "Tore", "t"."ungueltig" AS "Ungueltig"
FROM "trunden" AS "t"
LEFT JOIN (
    SELECT "t1"."id", "t1"."altersklasse_snapshot", "t1"."datum", "t1"."fk_id_fahrer", "t1"."fk_id_kart", "t1"."fk_id_training"
    FROM "tstints" AS "t1"
    WHERE NOT ("t1"."is_deleted")
) AS "t0" ON "t"."fk_id_tstint" = "t0"."id"
LEFT JOIN (
    SELECT "f"."id", "f"."nachname", "f"."vorname"
    FROM "fahrer" AS "f"
    WHERE NOT ("f"."is_deleted")
) AS "t2" ON "t0"."fk_id_fahrer" = "t2"."id"
LEFT JOIN (
    SELECT "k"."id", "k"."Name"
    FROM "karts" AS "k"
    WHERE NOT ("k"."is_deleted")
) AS "t3" ON "t0"."fk_id_kart" = "t3"."id"
WHERE NOT ("t"."is_deleted") AND "t0"."id" IS NOT NULL AND "t0"."fk_id_training" = @__trainingId_0
2026-08-01 07:34:38.1054|INFO|Microsoft.EntityFrameworkCore.Database.Command|Executed DbCommand (0ms) [Parameters=[], CommandType='Text', CommandTimeout='30']
SELECT "t"."id", "t"."fk_id_verein", "t"."fk_id_disziplin", "t"."fk_id_wetter", "t"."name", "t"."beschreibung", "t"."zeitpunkt", "t"."training_abgeschlossen", CASE
    WHEN "t"."training_abgeschlossen" THEN 'Ja'
    ELSE 'Nein'
END, "t0"."vereinsname", "t1"."disziplin", "t2"."wetter"
FROM "training" AS "t"
INNER JOIN (
    SELECT "v"."id", "v"."vereinsname"
    FROM "vereine" AS "v"
    WHERE NOT ("v"."is_deleted")
) AS "t0" ON "t"."fk_id_verein" = "t0"."id"
INNER JOIN (
    SELECT "d"."id", "d"."disziplin"
    FROM "disziplin" AS "d"
    WHERE NOT ("d"."is_deleted")
) AS "t1" ON "t"."fk_id_disziplin" = "t1"."id"
INNER JOIN (
    SELECT "w"."id", "w"."wetter"
    FROM "wetter" AS "w"
    WHERE NOT ("w"."is_deleted")
) AS "t2" ON "t"."fk_id_wetter" = "t2"."id"
WHERE NOT ("t"."is_deleted")
ORDER BY "t"."zeitpunkt" DESC, "t"."name"
2026-08-01 07:34:39.7962|INFO|Microsoft.EntityFrameworkCore.Database.Command|Executed DbCommand (1ms) [Parameters=[@__trainingId_0='?' (DbType = Int32)], CommandType='Text', CommandTimeout='30']
SELECT "t"."id", "t"."beschreibung", "t"."deleted_at_utc", "t"."fk_id_disziplin", "t"."is_deleted", "t"."name", "t"."training_abgeschlossen", "t"."updated_at_utc", "t"."fk_id_verein", "t"."fk_id_wetter", "t"."zeitpunkt", "t0"."id", "t0"."adresse", "t0"."deleted_at_utc", "t0"."is_deleted", "t0"."logo", "t0"."mitglieds_nummer", "t0"."ort", "t0"."postleitzahl", "t0"."updated_at_utc", "t0"."vereinsname", "t1"."id", "t1"."deleted_at_utc", "t1"."is_deleted", "t1"."disziplin", "t1"."updated_at_utc", "t1"."pf", "t1"."tf", "t2"."id", "t2"."wetter", "t2"."deleted_at_utc", "t2"."is_deleted", "t2"."updated_at_utc"
FROM "training" AS "t"
INNER JOIN (
    SELECT "v"."id", "v"."adresse", "v"."deleted_at_utc", "v"."is_deleted", "v"."logo", "v"."mitglieds_nummer", "v"."ort", "v"."postleitzahl", "v"."updated_at_utc", "v"."vereinsname"
    FROM "vereine" AS "v"
    WHERE NOT ("v"."is_deleted")
) AS "t0" ON "t"."fk_id_verein" = "t0"."id"
INNER JOIN (
    SELECT "d"."id", "d"."deleted_at_utc", "d"."is_deleted", "d"."disziplin", "d"."updated_at_utc", "d"."pf", "d"."tf"
    FROM "disziplin" AS "d"
    WHERE NOT ("d"."is_deleted")
) AS "t1" ON "t"."fk_id_disziplin" = "t1"."id"
INNER JOIN (
    SELECT "w"."id", "w"."wetter", "w"."deleted_at_utc", "w"."is_deleted", "w"."updated_at_utc"
    FROM "wetter" AS "w"
    WHERE NOT ("w"."is_deleted")
) AS "t2" ON "t"."fk_id_wetter" = "t2"."id"
WHERE NOT ("t"."is_deleted") AND "t"."id" = @__trainingId_0
LIMIT 1
2026-08-01 07:34:39.7962|INFO|Microsoft.EntityFrameworkCore.Database.Command|Executed DbCommand (0ms) [Parameters=[@__trainingId_0='?' (DbType = Int32)], CommandType='Text', CommandTimeout='30']
SELECT "t"."zeitpunkt" AS "Zeitpunkt", "t"."fk_id_disziplin" AS "DisziplinId"
FROM "training" AS "t"
WHERE NOT ("t"."is_deleted") AND "t"."id" = @__trainingId_0
LIMIT 1
2026-08-01 07:34:39.7962|INFO|Microsoft.EntityFrameworkCore.Database.Command|Executed DbCommand (0ms) [Parameters=[@__trainingMeta_DisziplinId_0='?' (DbType = Int32)], CommandType='Text', CommandTimeout='30']
SELECT "d"."id", "d"."alter_bis", "d"."alter_von", "d"."bezeichnung", "d"."deleted_at_utc", "d"."fk_id_disziplin", "d"."is_deleted", "d"."updated_at_utc"
FROM "disziplin_altersklassen" AS "d"
WHERE NOT ("d"."is_deleted") AND "d"."fk_id_disziplin" = @__trainingMeta_DisziplinId_0
ORDER BY "d"."alter_von", COALESCE("d"."alter_bis", 2147483647)
2026-08-01 07:34:39.7962|INFO|Microsoft.EntityFrameworkCore.Database.Command|Executed DbCommand (0ms) [Parameters=[@__trainingId_0='?' (DbType = Int32)], CommandType='Text', CommandTimeout='30']
SELECT "f"."fk_id_fahrer" AS "FahrerId", "f"."reihenfolge" AS "Reihenfolge", "t"."vorname" AS "Vorname", COALESCE("t"."nachname", '') AS "Nachname", "t0"."vereinsname" AS "VereinName", "t"."geburtsdatum" AS "Geburtsdatum"
FROM "fahrer_im_training" AS "f"
INNER JOIN (
    SELECT "f0"."id", "f0"."geburtsdatum", "f0"."nachname", "f0"."fk_id_verein", "f0"."vorname"
    FROM "fahrer" AS "f0"
    WHERE NOT ("f0"."is_deleted")
) AS "t" ON "f"."fk_id_fahrer" = "t"."id"
INNER JOIN (
    SELECT "v"."id", "v"."vereinsname"
    FROM "vereine" AS "v"
    WHERE NOT ("v"."is_deleted")
) AS "t0" ON "t"."fk_id_verein" = "t0"."id"
WHERE NOT ("f"."is_deleted") AND "f"."fk_id_training" = @__trainingId_0
ORDER BY "f"."reihenfolge", "t"."vorname", "t"."nachname"
2026-08-01 07:34:39.7962|INFO|Microsoft.EntityFrameworkCore.Database.Command|Executed DbCommand (0ms) [Parameters=[@__trainingId_0='?' (DbType = Int32)], CommandType='Text', CommandTimeout='30']
SELECT "t0"."tf" AS "Torfehler", "t0"."pf" AS "Pylonenfehler"
FROM "training" AS "t"
INNER JOIN (
    SELECT "d"."id", "d"."pf", "d"."tf"
    FROM "disziplin" AS "d"
    WHERE NOT ("d"."is_deleted")
) AS "t0" ON "t"."fk_id_disziplin" = "t0"."id"
WHERE NOT ("t"."is_deleted") AND "t"."id" = @__trainingId_0
LIMIT 1
2026-08-01 07:34:39.7962|INFO|Microsoft.EntityFrameworkCore.Database.Command|Executed DbCommand (0ms) [Parameters=[@__trainingId_0='?' (DbType = Int32)], CommandType='Text', CommandTimeout='30']
SELECT "t0"."fk_id_fahrer" AS "FahrerId", "t2"."vorname" AS "Vorname", COALESCE("t2"."nachname", '') AS "Nachname", "t0"."altersklasse_snapshot" AS "AltersklasseSnapshot", "t3"."Name" AS "KartName", "t0"."datum" AS "Zeitpunkt", COALESCE("t"."runde", 0) AS "Runde", "t"."rundenzeit" AS "Rundenzeit", COALESCE("t"."pf", 0) AS "Pylonen", COALESCE("t"."tf", 0) AS "Tore", "t"."ungueltig" AS "Ungueltig"
FROM "trunden" AS "t"
LEFT JOIN (
    SELECT "t1"."id", "t1"."altersklasse_snapshot", "t1"."datum", "t1"."fk_id_fahrer", "t1"."fk_id_kart", "t1"."fk_id_training"
    FROM "tstints" AS "t1"
    WHERE NOT ("t1"."is_deleted")
) AS "t0" ON "t"."fk_id_tstint" = "t0"."id"
LEFT JOIN (
    SELECT "f"."id", "f"."nachname", "f"."vorname"
    FROM "fahrer" AS "f"
    WHERE NOT ("f"."is_deleted")
) AS "t2" ON "t0"."fk_id_fahrer" = "t2"."id"
LEFT JOIN (
    SELECT "k"."id", "k"."Name"
    FROM "karts" AS "k"
    WHERE NOT ("k"."is_deleted")
) AS "t3" ON "t0"."fk_id_kart" = "t3"."id"
WHERE NOT ("t"."is_deleted") AND "t0"."id" IS NOT NULL AND "t0"."fk_id_training" = @__trainingId_0
