2026-07-27 09:12:08.7492|INFO|Microsoft.EntityFrameworkCore.Database.Command|Executed DbCommand (7ms) [Parameters=[], CommandType='Text', CommandTimeout='30']
SELECT "t"."Value"
FROM (
    SELECT COUNT(1) AS Value FROM sqlite_master WHERE type='table' AND name='__EFMigrationsHistory'
) AS "t"
LIMIT 2
2026-07-27 09:12:08.7764|INFO|Microsoft.EntityFrameworkCore.Database.Command|Executed DbCommand (0ms) [Parameters=[], CommandType='Text', CommandTimeout='30']
SELECT "t"."Value"
FROM (
    SELECT COUNT(1) AS Value FROM sqlite_master WHERE type='table' AND name='__EFMigrationsHistory'
) AS "t"
LIMIT 2
2026-07-27 09:12:08.7764|INFO|Microsoft.EntityFrameworkCore.Database.Command|Executed DbCommand (0ms) [Parameters=[], CommandType='Text', CommandTimeout='30']
SELECT "t"."Value"
FROM (
    SELECT COUNT(1) AS Value FROM __EFMigrationsHistory WHERE MigrationId = '20260713103700_AddBidirectionalSyncMetadataSqlite'
) AS "t"
LIMIT 2
2026-07-27 09:12:08.7764|INFO|Microsoft.EntityFrameworkCore.Database.Command|Executed DbCommand (0ms) [Parameters=[], CommandType='Text', CommandTimeout='30']
SELECT COUNT(*) FROM "sqlite_master" WHERE "name" = '__EFMigrationsHistory' AND "type" = 'table';
2026-07-27 09:12:08.7764|INFO|Microsoft.EntityFrameworkCore.Database.Command|Executed DbCommand (0ms) [Parameters=[], CommandType='Text', CommandTimeout='30']
SELECT COUNT(*) FROM "sqlite_master" WHERE "name" = '__EFMigrationsHistory' AND "type" = 'table';
2026-07-27 09:12:08.7889|INFO|Microsoft.EntityFrameworkCore.Database.Command|Executed DbCommand (0ms) [Parameters=[], CommandType='Text', CommandTimeout='30']
SELECT "MigrationId", "ProductVersion"
FROM "__EFMigrationsHistory"
ORDER BY "MigrationId";
2026-07-27 09:12:08.7889|INFO|Microsoft.EntityFrameworkCore.Migrations|No migrations were applied. The database is already up to date.
2026-07-27 09:12:08.9822|INFO|Microsoft.EntityFrameworkCore.Database.Command|Executed DbCommand (10ms) [Parameters=[], CommandType='Text', CommandTimeout='30']
SELECT `t`.`Value`
FROM (
    SELECT COUNT(1) AS Value FROM INFORMATION_SCHEMA.TABLES WHERE TABLE_SCHEMA = DATABASE() AND TABLE_NAME = '__EFMigrationsHistory'
) AS `t`
LIMIT 2
2026-07-27 09:12:09.0031|INFO|Microsoft.EntityFrameworkCore.Database.Command|Executed DbCommand (10ms) [Parameters=[], CommandType='Text', CommandTimeout='30']
SELECT `t`.`Value`
FROM (
    SELECT COUNT(1) AS Value FROM __EFMigrationsHistory WHERE MigrationId = '20260713103701_AddBidirectionalSyncMetadata'
) AS `t`
LIMIT 2
2026-07-27 09:12:09.0124|INFO|Microsoft.EntityFrameworkCore.Database.Command|Executed DbCommand (5ms) [Parameters=[], CommandType='Text', CommandTimeout='30']
SELECT `t`.`Value`
FROM (
    SELECT COUNT(1) AS Value FROM INFORMATION_SCHEMA.TABLES WHERE TABLE_SCHEMA = DATABASE() AND TABLE_NAME = 'sync_state'
) AS `t`
LIMIT 2
2026-07-27 09:12:09.0205|INFO|Microsoft.EntityFrameworkCore.Database.Command|Executed DbCommand (5ms) [Parameters=[], CommandType='Text', CommandTimeout='30']
SELECT `t`.`Value`
FROM (
    SELECT COUNT(1) AS Value FROM INFORMATION_SCHEMA.TABLES WHERE TABLE_SCHEMA = DATABASE() AND TABLE_NAME = 'sync_state'
) AS `t`
LIMIT 2
2026-07-27 09:12:09.0369|INFO|Microsoft.EntityFrameworkCore.Database.Command|Executed DbCommand (5ms) [Parameters=[], CommandType='Text', CommandTimeout='30']
SELECT `t`.`Value`
FROM (
    SELECT COUNT(1) AS Value FROM INFORMATION_SCHEMA.COLUMNS WHERE TABLE_SCHEMA = DATABASE() AND TABLE_NAME = 'disziplin' AND COLUMN_NAME = 'updated_at_utc'
) AS `t`
LIMIT 2
2026-07-27 09:12:09.0369|INFO|Microsoft.EntityFrameworkCore.Database.Command|Executed DbCommand (5ms) [Parameters=[], CommandType='Text', CommandTimeout='30']
SELECT `t`.`Value`
FROM (
    SELECT COUNT(1) AS Value FROM INFORMATION_SCHEMA.COLUMNS WHERE TABLE_SCHEMA = DATABASE() AND TABLE_NAME = 'disziplin' AND COLUMN_NAME = 'is_deleted'
) AS `t`
LIMIT 2
2026-07-27 09:12:09.0550|INFO|Microsoft.EntityFrameworkCore.Database.Command|Executed DbCommand (5ms) [Parameters=[], CommandType='Text', CommandTimeout='30']
SELECT `t`.`Value`
FROM (
    SELECT COUNT(1) AS Value FROM INFORMATION_SCHEMA.COLUMNS WHERE TABLE_SCHEMA = DATABASE() AND TABLE_NAME = 'disziplin' AND COLUMN_NAME = 'deleted_at_utc'
) AS `t`
LIMIT 2
2026-07-27 09:12:09.0550|INFO|Microsoft.EntityFrameworkCore.Database.Command|Executed DbCommand (5ms) [Parameters=[], CommandType='Text', CommandTimeout='30']
SELECT `t`.`Value`
FROM (
    SELECT COUNT(1) AS Value FROM INFORMATION_SCHEMA.COLUMNS WHERE TABLE_SCHEMA = DATABASE() AND TABLE_NAME = 'disziplin_altersklassen' AND COLUMN_NAME = 'updated_at_utc'
) AS `t`
LIMIT 2
2026-07-27 09:12:09.0738|INFO|Microsoft.EntityFrameworkCore.Database.Command|Executed DbCommand (5ms) [Parameters=[], CommandType='Text', CommandTimeout='30']
SELECT `t`.`Value`
FROM (
    SELECT COUNT(1) AS Value FROM INFORMATION_SCHEMA.COLUMNS WHERE TABLE_SCHEMA = DATABASE() AND TABLE_NAME = 'disziplin_altersklassen' AND COLUMN_NAME = 'is_deleted'
) AS `t`
LIMIT 2
2026-07-27 09:12:09.0868|INFO|Microsoft.EntityFrameworkCore.Database.Command|Executed DbCommand (5ms) [Parameters=[], CommandType='Text', CommandTimeout='30']
SELECT `t`.`Value`
FROM (
    SELECT COUNT(1) AS Value FROM INFORMATION_SCHEMA.COLUMNS WHERE TABLE_SCHEMA = DATABASE() AND TABLE_NAME = 'disziplin_altersklassen' AND COLUMN_NAME = 'deleted_at_utc'
) AS `t`
LIMIT 2
2026-07-27 09:12:09.0868|INFO|Microsoft.EntityFrameworkCore.Database.Command|Executed DbCommand (5ms) [Parameters=[], CommandType='Text', CommandTimeout='30']
SELECT `t`.`Value`
FROM (
    SELECT COUNT(1) AS Value FROM INFORMATION_SCHEMA.COLUMNS WHERE TABLE_SCHEMA = DATABASE() AND TABLE_NAME = 'vereine' AND COLUMN_NAME = 'updated_at_utc'
) AS `t`
LIMIT 2
2026-07-27 09:12:09.1049|INFO|Microsoft.EntityFrameworkCore.Database.Command|Executed DbCommand (5ms) [Parameters=[], CommandType='Text', CommandTimeout='30']
SELECT `t`.`Value`
FROM (
    SELECT COUNT(1) AS Value FROM INFORMATION_SCHEMA.COLUMNS WHERE TABLE_SCHEMA = DATABASE() AND TABLE_NAME = 'vereine' AND COLUMN_NAME = 'is_deleted'
) AS `t`
LIMIT 2
2026-07-27 09:12:09.1154|INFO|Microsoft.EntityFrameworkCore.Database.Command|Executed DbCommand (5ms) [Parameters=[], CommandType='Text', CommandTimeout='30']
SELECT `t`.`Value`
FROM (
    SELECT COUNT(1) AS Value FROM INFORMATION_SCHEMA.COLUMNS WHERE TABLE_SCHEMA = DATABASE() AND TABLE_NAME = 'vereine' AND COLUMN_NAME = 'deleted_at_utc'
) AS `t`
LIMIT 2
2026-07-27 09:12:09.1154|INFO|Microsoft.EntityFrameworkCore.Database.Command|Executed DbCommand (7ms) [Parameters=[], CommandType='Text', CommandTimeout='30']
SELECT `t`.`Value`
FROM (
    SELECT COUNT(1) AS Value FROM INFORMATION_SCHEMA.COLUMNS WHERE TABLE_SCHEMA = DATABASE() AND TABLE_NAME = 'wetter' AND COLUMN_NAME = 'updated_at_utc'
) AS `t`
LIMIT 2
2026-07-27 09:12:09.1412|INFO|Microsoft.EntityFrameworkCore.Database.Command|Executed DbCommand (6ms) [Parameters=[], CommandType='Text', CommandTimeout='30']
SELECT `t`.`Value`
FROM (
    SELECT COUNT(1) AS Value FROM INFORMATION_SCHEMA.COLUMNS WHERE TABLE_SCHEMA = DATABASE() AND TABLE_NAME = 'wetter' AND COLUMN_NAME = 'is_deleted'
) AS `t`
LIMIT 2
2026-07-27 09:12:09.1506|INFO|Microsoft.EntityFrameworkCore.Database.Command|Executed DbCommand (5ms) [Parameters=[], CommandType='Text', CommandTimeout='30']
SELECT `t`.`Value`
FROM (
    SELECT COUNT(1) AS Value FROM INFORMATION_SCHEMA.COLUMNS WHERE TABLE_SCHEMA = DATABASE() AND TABLE_NAME = 'wetter' AND COLUMN_NAME = 'deleted_at_utc'
) AS `t`
LIMIT 2
2026-07-27 09:12:09.1622|INFO|Microsoft.EntityFrameworkCore.Database.Command|Executed DbCommand (7ms) [Parameters=[], CommandType='Text', CommandTimeout='30']
SELECT `t`.`Value`
FROM (
    SELECT COUNT(1) AS Value FROM INFORMATION_SCHEMA.COLUMNS WHERE TABLE_SCHEMA = DATABASE() AND TABLE_NAME = 'fahrer' AND COLUMN_NAME = 'updated_at_utc'
) AS `t`
LIMIT 2
2026-07-27 09:12:09.1622|INFO|Microsoft.EntityFrameworkCore.Database.Command|Executed DbCommand (6ms) [Parameters=[], CommandType='Text', CommandTimeout='30']
SELECT `t`.`Value`
FROM (
    SELECT COUNT(1) AS Value FROM INFORMATION_SCHEMA.COLUMNS WHERE TABLE_SCHEMA = DATABASE() AND TABLE_NAME = 'fahrer' AND COLUMN_NAME = 'is_deleted'
) AS `t`
LIMIT 2
2026-07-27 09:12:09.1847|INFO|Microsoft.EntityFrameworkCore.Database.Command|Executed DbCommand (6ms) [Parameters=[], CommandType='Text', CommandTimeout='30']
SELECT `t`.`Value`
FROM (
    SELECT COUNT(1) AS Value FROM INFORMATION_SCHEMA.COLUMNS WHERE TABLE_SCHEMA = DATABASE() AND TABLE_NAME = 'fahrer' AND COLUMN_NAME = 'deleted_at_utc'
) AS `t`
LIMIT 2
2026-07-27 09:12:09.1943|INFO|Microsoft.EntityFrameworkCore.Database.Command|Executed DbCommand (6ms) [Parameters=[], CommandType='Text', CommandTimeout='30']
SELECT `t`.`Value`
FROM (
    SELECT COUNT(1) AS Value FROM INFORMATION_SCHEMA.COLUMNS WHERE TABLE_SCHEMA = DATABASE() AND TABLE_NAME = 'training' AND COLUMN_NAME = 'updated_at_utc'
) AS `t`
LIMIT 2
2026-07-27 09:12:09.1943|INFO|Microsoft.EntityFrameworkCore.Database.Command|Executed DbCommand (7ms) [Parameters=[], CommandType='Text', CommandTimeout='30']
SELECT `t`.`Value`
FROM (
    SELECT COUNT(1) AS Value FROM INFORMATION_SCHEMA.COLUMNS WHERE TABLE_SCHEMA = DATABASE() AND TABLE_NAME = 'training' AND COLUMN_NAME = 'is_deleted'
) AS `t`
LIMIT 2
2026-07-27 09:12:09.2154|INFO|Microsoft.EntityFrameworkCore.Database.Command|Executed DbCommand (5ms) [Parameters=[], CommandType='Text', CommandTimeout='30']
SELECT `t`.`Value`
FROM (
    SELECT COUNT(1) AS Value FROM INFORMATION_SCHEMA.COLUMNS WHERE TABLE_SCHEMA = DATABASE() AND TABLE_NAME = 'training' AND COLUMN_NAME = 'deleted_at_utc'
) AS `t`
LIMIT 2
2026-07-27 09:12:09.2257|INFO|Microsoft.EntityFrameworkCore.Database.Command|Executed DbCommand (7ms) [Parameters=[], CommandType='Text', CommandTimeout='30']
SELECT `t`.`Value`
FROM (
    SELECT COUNT(1) AS Value FROM INFORMATION_SCHEMA.COLUMNS WHERE TABLE_SCHEMA = DATABASE() AND TABLE_NAME = 'meisterschaften' AND COLUMN_NAME = 'updated_at_utc'
) AS `t`
LIMIT 2
2026-07-27 09:12:09.2257|INFO|Microsoft.EntityFrameworkCore.Database.Command|Executed DbCommand (5ms) [Parameters=[], CommandType='Text', CommandTimeout='30']
SELECT `t`.`Value`
FROM (
    SELECT COUNT(1) AS Value FROM INFORMATION_SCHEMA.COLUMNS WHERE TABLE_SCHEMA = DATABASE() AND TABLE_NAME = 'meisterschaften' AND COLUMN_NAME = 'is_deleted'
) AS `t`
LIMIT 2
2026-07-27 09:12:09.2473|INFO|Microsoft.EntityFrameworkCore.Database.Command|Executed DbCommand (5ms) [Parameters=[], CommandType='Text', CommandTimeout='30']
SELECT `t`.`Value`
FROM (
    SELECT COUNT(1) AS Value FROM INFORMATION_SCHEMA.COLUMNS WHERE TABLE_SCHEMA = DATABASE() AND TABLE_NAME = 'meisterschaften' AND COLUMN_NAME = 'deleted_at_utc'
) AS `t`
LIMIT 2
2026-07-27 09:12:09.2564|INFO|Microsoft.EntityFrameworkCore.Database.Command|Executed DbCommand (5ms) [Parameters=[], CommandType='Text', CommandTimeout='30']
SELECT `t`.`Value`
FROM (
    SELECT COUNT(1) AS Value FROM INFORMATION_SCHEMA.COLUMNS WHERE TABLE_SCHEMA = DATABASE() AND TABLE_NAME = 'karts' AND COLUMN_NAME = 'updated_at_utc'
) AS `t`
LIMIT 2
2026-07-27 09:12:09.2564|INFO|Microsoft.EntityFrameworkCore.Database.Command|Executed DbCommand (9ms) [Parameters=[], CommandType='Text', CommandTimeout='30']
SELECT `t`.`Value`
FROM (
    SELECT COUNT(1) AS Value FROM INFORMATION_SCHEMA.COLUMNS WHERE TABLE_SCHEMA = DATABASE() AND TABLE_NAME = 'karts' AND COLUMN_NAME = 'is_deleted'
) AS `t`
LIMIT 2
2026-07-27 09:12:09.2790|INFO|Microsoft.EntityFrameworkCore.Database.Command|Executed DbCommand (6ms) [Parameters=[], CommandType='Text', CommandTimeout='30']
SELECT `t`.`Value`
FROM (
    SELECT COUNT(1) AS Value FROM INFORMATION_SCHEMA.COLUMNS WHERE TABLE_SCHEMA = DATABASE() AND TABLE_NAME = 'karts' AND COLUMN_NAME = 'deleted_at_utc'
) AS `t`
LIMIT 2
2026-07-27 09:12:09.2906|INFO|Microsoft.EntityFrameworkCore.Database.Command|Executed DbCommand (6ms) [Parameters=[], CommandType='Text', CommandTimeout='30']
SELECT `t`.`Value`
FROM (
    SELECT COUNT(1) AS Value FROM INFORMATION_SCHEMA.COLUMNS WHERE TABLE_SCHEMA = DATABASE() AND TABLE_NAME = 'tstints' AND COLUMN_NAME = 'updated_at_utc'
) AS `t`
LIMIT 2
2026-07-27 09:12:09.2906|INFO|Microsoft.EntityFrameworkCore.Database.Command|Executed DbCommand (6ms) [Parameters=[], CommandType='Text', CommandTimeout='30']
SELECT `t`.`Value`
FROM (
    SELECT COUNT(1) AS Value FROM INFORMATION_SCHEMA.COLUMNS WHERE TABLE_SCHEMA = DATABASE() AND TABLE_NAME = 'tstints' AND COLUMN_NAME = 'is_deleted'
) AS `t`
LIMIT 2
2026-07-27 09:12:09.3115|INFO|Microsoft.EntityFrameworkCore.Database.Command|Executed DbCommand (5ms) [Parameters=[], CommandType='Text', CommandTimeout='30']
SELECT `t`.`Value`
FROM (
    SELECT COUNT(1) AS Value FROM INFORMATION_SCHEMA.COLUMNS WHERE TABLE_SCHEMA = DATABASE() AND TABLE_NAME = 'tstints' AND COLUMN_NAME = 'deleted_at_utc'
) AS `t`
LIMIT 2
2026-07-27 09:12:09.3222|INFO|Microsoft.EntityFrameworkCore.Database.Command|Executed DbCommand (6ms) [Parameters=[], CommandType='Text', CommandTimeout='30']
SELECT `t`.`Value`
FROM (
    SELECT COUNT(1) AS Value FROM INFORMATION_SCHEMA.COLUMNS WHERE TABLE_SCHEMA = DATABASE() AND TABLE_NAME = 'mstints' AND COLUMN_NAME = 'updated_at_utc'
) AS `t`
LIMIT 2
2026-07-27 09:12:09.3351|INFO|Microsoft.EntityFrameworkCore.Database.Command|Executed DbCommand (7ms) [Parameters=[], CommandType='Text', CommandTimeout='30']
SELECT `t`.`Value`
FROM (
    SELECT COUNT(1) AS Value FROM INFORMATION_SCHEMA.COLUMNS WHERE TABLE_SCHEMA = DATABASE() AND TABLE_NAME = 'mstints' AND COLUMN_NAME = 'is_deleted'
) AS `t`
LIMIT 2
2026-07-27 09:12:09.3351|INFO|Microsoft.EntityFrameworkCore.Database.Command|Executed DbCommand (7ms) [Parameters=[], CommandType='Text', CommandTimeout='30']
SELECT `t`.`Value`
FROM (
    SELECT COUNT(1) AS Value FROM INFORMATION_SCHEMA.COLUMNS WHERE TABLE_SCHEMA = DATABASE() AND TABLE_NAME = 'mstints' AND COLUMN_NAME = 'deleted_at_utc'
) AS `t`
LIMIT 2
2026-07-27 09:12:09.3686|INFO|Microsoft.EntityFrameworkCore.Database.Command|Executed DbCommand (14ms) [Parameters=[], CommandType='Text', CommandTimeout='30']
SELECT `t`.`Value`
FROM (
    SELECT COUNT(1) AS Value FROM INFORMATION_SCHEMA.COLUMNS WHERE TABLE_SCHEMA = DATABASE() AND TABLE_NAME = 'fahrer_im_training' AND COLUMN_NAME = 'updated_at_utc'
) AS `t`
LIMIT 2
2026-07-27 09:12:09.3815|INFO|Microsoft.EntityFrameworkCore.Database.Command|Executed DbCommand (5ms) [Parameters=[], CommandType='Text', CommandTimeout='30']
SELECT `t`.`Value`
FROM (
    SELECT COUNT(1) AS Value FROM INFORMATION_SCHEMA.COLUMNS WHERE TABLE_SCHEMA = DATABASE() AND TABLE_NAME = 'fahrer_im_training' AND COLUMN_NAME = 'is_deleted'
) AS `t`
LIMIT 2
2026-07-27 09:12:09.3975|INFO|Microsoft.EntityFrameworkCore.Database.Command|Executed DbCommand (5ms) [Parameters=[], CommandType='Text', CommandTimeout='30']
SELECT `t`.`Value`
FROM (
    SELECT COUNT(1) AS Value FROM INFORMATION_SCHEMA.COLUMNS WHERE TABLE_SCHEMA = DATABASE() AND TABLE_NAME = 'fahrer_im_training' AND COLUMN_NAME = 'deleted_at_utc'
) AS `t`
LIMIT 2
2026-07-27 09:12:09.4174|INFO|Microsoft.EntityFrameworkCore.Database.Command|Executed DbCommand (7ms) [Parameters=[], CommandType='Text', CommandTimeout='30']
SELECT `t`.`Value`
FROM (
    SELECT COUNT(1) AS Value FROM INFORMATION_SCHEMA.COLUMNS WHERE TABLE_SCHEMA = DATABASE() AND TABLE_NAME = 'fahrer_inder_meisterschaft' AND COLUMN_NAME = 'updated_at_utc'
) AS `t`
LIMIT 2
2026-07-27 09:12:09.4273|INFO|Microsoft.EntityFrameworkCore.Database.Command|Executed DbCommand (5ms) [Parameters=[], CommandType='Text', CommandTimeout='30']
SELECT `t`.`Value`
FROM (
    SELECT COUNT(1) AS Value FROM INFORMATION_SCHEMA.COLUMNS WHERE TABLE_SCHEMA = DATABASE() AND TABLE_NAME = 'fahrer_inder_meisterschaft' AND COLUMN_NAME = 'is_deleted'
) AS `t`
LIMIT 2
2026-07-27 09:12:09.4468|INFO|Microsoft.EntityFrameworkCore.Database.Command|Executed DbCommand (14ms) [Parameters=[], CommandType='Text', CommandTimeout='30']
SELECT `t`.`Value`
FROM (
    SELECT COUNT(1) AS Value FROM INFORMATION_SCHEMA.COLUMNS WHERE TABLE_SCHEMA = DATABASE() AND TABLE_NAME = 'fahrer_inder_meisterschaft' AND COLUMN_NAME = 'deleted_at_utc'
) AS `t`
LIMIT 2
2026-07-27 09:12:09.4468|INFO|Microsoft.EntityFrameworkCore.Database.Command|Executed DbCommand (5ms) [Parameters=[], CommandType='Text', CommandTimeout='30']
SELECT `t`.`Value`
FROM (
    SELECT COUNT(1) AS Value FROM INFORMATION_SCHEMA.COLUMNS WHERE TABLE_SCHEMA = DATABASE() AND TABLE_NAME = 'trunden' AND COLUMN_NAME = 'updated_at_utc'
) AS `t`
LIMIT 2
2026-07-27 09:12:09.4747|INFO|Microsoft.EntityFrameworkCore.Database.Command|Executed DbCommand (6ms) [Parameters=[], CommandType='Text', CommandTimeout='30']
SELECT `t`.`Value`
FROM (
    SELECT COUNT(1) AS Value FROM INFORMATION_SCHEMA.COLUMNS WHERE TABLE_SCHEMA = DATABASE() AND TABLE_NAME = 'trunden' AND COLUMN_NAME = 'is_deleted'
) AS `t`
LIMIT 2
2026-07-27 09:12:09.4747|INFO|Microsoft.EntityFrameworkCore.Database.Command|Executed DbCommand (5ms) [Parameters=[], CommandType='Text', CommandTimeout='30']
SELECT `t`.`Value`
FROM (
    SELECT COUNT(1) AS Value FROM INFORMATION_SCHEMA.COLUMNS WHERE TABLE_SCHEMA = DATABASE() AND TABLE_NAME = 'trunden' AND COLUMN_NAME = 'deleted_at_utc'
) AS `t`
LIMIT 2
2026-07-27 09:12:09.5069|INFO|Microsoft.EntityFrameworkCore.Database.Command|Executed DbCommand (16ms) [Parameters=[], CommandType='Text', CommandTimeout='30']
SELECT `t`.`Value`
FROM (
    SELECT COUNT(1) AS Value FROM INFORMATION_SCHEMA.COLUMNS WHERE TABLE_SCHEMA = DATABASE() AND TABLE_NAME = 'mrunden' AND COLUMN_NAME = 'updated_at_utc'
) AS `t`
LIMIT 2
2026-07-27 09:12:09.5069|INFO|Microsoft.EntityFrameworkCore.Database.Command|Executed DbCommand (6ms) [Parameters=[], CommandType='Text', CommandTimeout='30']
SELECT `t`.`Value`
FROM (
    SELECT COUNT(1) AS Value FROM INFORMATION_SCHEMA.COLUMNS WHERE TABLE_SCHEMA = DATABASE() AND TABLE_NAME = 'mrunden' AND COLUMN_NAME = 'is_deleted'
) AS `t`
LIMIT 2
2026-07-27 09:12:09.5286|INFO|Microsoft.EntityFrameworkCore.Database.Command|Executed DbCommand (6ms) [Parameters=[], CommandType='Text', CommandTimeout='30']
SELECT `t`.`Value`
FROM (
    SELECT COUNT(1) AS Value FROM INFORMATION_SCHEMA.COLUMNS WHERE TABLE_SCHEMA = DATABASE() AND TABLE_NAME = 'mrunden' AND COLUMN_NAME = 'deleted_at_utc'
) AS `t`
LIMIT 2
2026-07-27 09:12:09.5748|INFO|Microsoft.EntityFrameworkCore.Database.Command|Executed DbCommand (6ms) [Parameters=[], CommandType='Text', CommandTimeout='30']
SELECT 1 FROM INFORMATION_SCHEMA.TABLES WHERE TABLE_SCHEMA='os' AND TABLE_NAME='__EFMigrationsHistory';
2026-07-27 09:12:09.6193|INFO|Microsoft.EntityFrameworkCore.Database.Command|Executed DbCommand (5ms) [Parameters=[], CommandType='Text', CommandTimeout='30']
SELECT 1 FROM INFORMATION_SCHEMA.TABLES WHERE TABLE_SCHEMA='os' AND TABLE_NAME='__EFMigrationsHistory';
2026-07-27 09:12:09.6339|INFO|Microsoft.EntityFrameworkCore.Database.Command|Executed DbCommand (5ms) [Parameters=[], CommandType='Text', CommandTimeout='30']
SELECT `MigrationId`, `ProductVersion`
FROM `__EFMigrationsHistory`
ORDER BY `MigrationId`;
2026-07-27 09:12:09.6339|INFO|Microsoft.EntityFrameworkCore.Migrations|No migrations were applied. The database is already up to date.
2026-07-27 09:12:10.0632|INFO|Microsoft.EntityFrameworkCore.Database.Command|Executed DbCommand (0ms) [Parameters=[], CommandType='Text', CommandTimeout='30']
SELECT "t"."id", "t"."fk_id_verein", "t"."fk_id_disziplin", "t"."fk_id_wetter", "t"."name", "t"."beschreibung", "t"."zeitpunkt", "t"."training_abgeschlossen", CASE
    WHEN "t"."training_abgeschlossen" THEN 'Ja'
    ELSE 'Nein'
END, "t0"."vereinsname", "t1"."disziplin", "t2"."wetter"
FROM "training" AS "t"
INNER JOIN (
    SELECT "v"."id", "v"."vereinsname"
    FROM "vereine" AS "v"
    WHERE NOT ("v"."is_deleted")
) AS "t0" ON "t"."fk_id_verein" = "t0"."id"
INNER JOIN (
    SELECT "d"."id", "d"."disziplin"
    FROM "disziplin" AS "d"
    WHERE NOT ("d"."is_deleted")
) AS "t1" ON "t"."fk_id_disziplin" = "t1"."id"
INNER JOIN (
    SELECT "w"."id", "w"."wetter"
    FROM "wetter" AS "w"
    WHERE NOT ("w"."is_deleted")
) AS "t2" ON "t"."fk_id_wetter" = "t2"."id"
WHERE NOT ("t"."is_deleted")
ORDER BY "t"."zeitpunkt" DESC, "t"."name"
2026-07-27 09:12:10.1286|INFO|Microsoft.EntityFrameworkCore.Database.Command|Executed DbCommand (0ms) [Parameters=[], CommandType='Text', CommandTimeout='30']
SELECT "d"."id", "d"."deleted_at_utc", "d"."is_deleted", "d"."disziplin", "d"."updated_at_utc", "d"."pf", "d"."tf", "t"."id", "t"."alter_bis", "t"."alter_von", "t"."bezeichnung", "t"."deleted_at_utc", "t"."fk_id_disziplin", "t"."is_deleted", "t"."updated_at_utc"
FROM "disziplin" AS "d"
LEFT JOIN (
    SELECT "d0"."id", "d0"."alter_bis", "d0"."alter_von", "d0"."bezeichnung", "d0"."deleted_at_utc", "d0"."fk_id_disziplin", "d0"."is_deleted", "d0"."updated_at_utc"
    FROM "disziplin_altersklassen" AS "d0"
    WHERE NOT ("d0"."is_deleted")
) AS "t" ON "d"."id" = "t"."fk_id_disziplin"
WHERE NOT ("d"."is_deleted")
ORDER BY "d"."disziplin", "d"."id"
2026-07-27 09:12:10.1407|INFO|Microsoft.EntityFrameworkCore.Database.Command|Executed DbCommand (5ms) [Parameters=[], CommandType='Text', CommandTimeout='30']
SELECT "v"."id", "v"."adresse", "v"."deleted_at_utc", "v"."is_deleted", "v"."logo", "v"."mitglieds_nummer", "v"."ort", "v"."postleitzahl", "v"."updated_at_utc", "v"."vereinsname"
FROM "vereine" AS "v"
WHERE NOT ("v"."is_deleted")
ORDER BY "v"."vereinsname"
2026-07-27 09:12:10.1932|INFO|Microsoft.EntityFrameworkCore.Database.Command|Executed DbCommand (0ms) [Parameters=[], CommandType='Text', CommandTimeout='30']
SELECT "f"."id", "f"."fk_id_verein", "f"."geschlecht", "f"."vorname", COALESCE("f"."nachname", ''), "f"."mitglieds_nummer", "f"."geburtsdatum", "f"."geburtsdatum" IS NOT NULL, "t"."vereinsname"
FROM "fahrer" AS "f"
INNER JOIN (
    SELECT "v"."id", "v"."vereinsname"
    FROM "vereine" AS "v"
    WHERE NOT ("v"."is_deleted")
) AS "t" ON "f"."fk_id_verein" = "t"."id"
WHERE NOT ("f"."is_deleted")
ORDER BY "f"."vorname", "f"."nachname"
2026-07-27 09:12:10.1932|INFO|Microsoft.EntityFrameworkCore.Database.Command|Executed DbCommand (0ms) [Parameters=[], CommandType='Text', CommandTimeout='30']
SELECT "k"."id" AS "Id", "k"."fk_id_verein" AS "VereinId", "k"."fk_id_disziplin" AS "DisziplinId", COALESCE("k"."Name", '') AS "Name", COALESCE("k"."Motor", '') AS "Motor", COALESCE("k"."Chassis", '') AS "Chassis", "t"."vereinsname" AS "VereinName", "t0"."disziplin" AS "DisziplinName"
FROM "karts" AS "k"
INNER JOIN (
    SELECT "v"."id", "v"."vereinsname"
    FROM "vereine" AS "v"
    WHERE NOT ("v"."is_deleted")
) AS "t" ON "k"."fk_id_verein" = "t"."id"
INNER JOIN (
    SELECT "d"."id", "d"."disziplin"
    FROM "disziplin" AS "d"
    WHERE NOT ("d"."is_deleted")
) AS "t0" ON "k"."fk_id_disziplin" = "t0"."id"
WHERE NOT ("k"."is_deleted")
ORDER BY "k"."Name"
2026-07-27 09:12:10.1932|INFO|Microsoft.EntityFrameworkCore.Database.Command|Executed DbCommand (0ms) [Parameters=[], CommandType='Text', CommandTimeout='30']
SELECT "w"."id" AS "Id", "w"."wetter" AS "Name"
FROM "wetter" AS "w"
WHERE NOT ("w"."is_deleted")
ORDER BY "w"."wetter"
2026-07-27 09:12:10.1932|INFO|Microsoft.EntityFrameworkCore.Database.Command|Executed DbCommand (0ms) [Parameters=[], CommandType='Text', CommandTimeout='30']
SELECT "v"."id" AS "Id", "v"."vereinsname" AS "Name"
FROM "vereine" AS "v"
WHERE NOT ("v"."is_deleted")
ORDER BY "v"."vereinsname"
2026-07-27 09:12:10.1932|INFO|Microsoft.EntityFrameworkCore.Database.Command|Executed DbCommand (0ms) [Parameters=[], CommandType='Text', CommandTimeout='30']
SELECT "d"."id" AS "Id", "d"."disziplin" AS "Name"
FROM "disziplin" AS "d"
WHERE NOT ("d"."is_deleted")
ORDER BY "d"."disziplin"
2026-07-27 09:12:10.2080|INFO|Microsoft.EntityFrameworkCore.Database.Command|Executed DbCommand (0ms) [Parameters=[], CommandType='Text', CommandTimeout='30']
SELECT "w"."id" AS "Id", "w"."wetter" AS "Name"
FROM "wetter" AS "w"
WHERE NOT ("w"."is_deleted")
ORDER BY "w"."wetter"
2026-07-27 09:12:10.2080|INFO|Microsoft.EntityFrameworkCore.Database.Command|Executed DbCommand (0ms) [Parameters=[], CommandType='Text', CommandTimeout='30']
SELECT "k"."id", "k"."Name" IS NULL OR trim("k"."Name") = '', "k"."Name"
FROM "karts" AS "k"
WHERE NOT ("k"."is_deleted")
ORDER BY "k"."Name", "k"."id"
2026-07-27 09:12:10.2914|INFO|Microsoft.EntityFrameworkCore.Database.Command|Executed DbCommand (0ms) [Parameters=[], CommandType='Text', CommandTimeout='30']
SELECT "s"."id", "s"."last_sync_utc"
FROM "sync_state" AS "s"
WHERE "s"."id" = 'global'
LIMIT 1
2026-07-27 09:12:10.3187|INFO|Microsoft.EntityFrameworkCore.Database.Command|Executed DbCommand (22ms) [Parameters=[], CommandType='Text', CommandTimeout='30']
SELECT `s`.`id`, `s`.`last_sync_utc`
FROM `sync_state` AS `s`
WHERE `s`.`id` = 'global'
LIMIT 1
2026-07-27 09:12:10.3337|INFO|Microsoft.EntityFrameworkCore.Database.Command|Executed DbCommand (2ms) [Parameters=[@__lastSyncUtc_0='?' (DbType = DateTime)], CommandType='Text', CommandTimeout='30']
SELECT COUNT(*)
FROM "disziplin" AS "d"
WHERE "d"."updated_at_utc" > @__lastSyncUtc_0
2026-07-27 09:12:10.3337|INFO|Microsoft.EntityFrameworkCore.Database.Command|Executed DbCommand (0ms) [Parameters=[@__lastSyncUtc_0='?' (DbType = DateTime)], CommandType='Text', CommandTimeout='30']
SELECT COUNT(*)
FROM "disziplin_altersklassen" AS "d"
WHERE "d"."updated_at_utc" > @__lastSyncUtc_0
2026-07-27 09:12:10.3337|INFO|Microsoft.EntityFrameworkCore.Database.Command|Executed DbCommand (0ms) [Parameters=[@__lastSyncUtc_0='?' (DbType = DateTime)], CommandType='Text', CommandTimeout='30']
SELECT COUNT(*)
FROM "vereine" AS "v"
WHERE "v"."updated_at_utc" > @__lastSyncUtc_0
2026-07-27 09:12:10.3337|INFO|Microsoft.EntityFrameworkCore.Database.Command|Executed DbCommand (0ms) [Parameters=[@__lastSyncUtc_0='?' (DbType = DateTime)], CommandType='Text', CommandTimeout='30']
SELECT COUNT(*)
FROM "wetter" AS "w"
WHERE "w"."updated_at_utc" > @__lastSyncUtc_0
2026-07-27 09:12:10.3337|INFO|Microsoft.EntityFrameworkCore.Database.Command|Executed DbCommand (0ms) [Parameters=[@__lastSyncUtc_0='?' (DbType = DateTime)], CommandType='Text', CommandTimeout='30']
SELECT COUNT(*)
FROM "fahrer" AS "f"
WHERE "f"."updated_at_utc" > @__lastSyncUtc_0
2026-07-27 09:12:10.3337|INFO|Microsoft.EntityFrameworkCore.Database.Command|Executed DbCommand (0ms) [Parameters=[@__lastSyncUtc_0='?' (DbType = DateTime)], CommandType='Text', CommandTimeout='30']
SELECT COUNT(*)
FROM "training" AS "t"
WHERE "t"."updated_at_utc" > @__lastSyncUtc_0
2026-07-27 09:12:10.3337|INFO|Microsoft.EntityFrameworkCore.Database.Command|Executed DbCommand (1ms) [Parameters=[@__lastSyncUtc_0='?' (DbType = DateTime)], CommandType='Text', CommandTimeout='30']
SELECT COUNT(*)
FROM "meisterschaften" AS "m"
WHERE "m"."updated_at_utc" > @__lastSyncUtc_0
2026-07-27 09:12:10.3337|INFO|Microsoft.EntityFrameworkCore.Database.Command|Executed DbCommand (0ms) [Parameters=[@__lastSyncUtc_0='?' (DbType = DateTime)], CommandType='Text', CommandTimeout='30']
SELECT COUNT(*)
FROM "karts" AS "k"
WHERE "k"."updated_at_utc" > @__lastSyncUtc_0
2026-07-27 09:12:10.3337|INFO|Microsoft.EntityFrameworkCore.Database.Command|Executed DbCommand (0ms) [Parameters=[@__lastSyncUtc_0='?' (DbType = DateTime)], CommandType='Text', CommandTimeout='30']
SELECT COUNT(*)
FROM "tstints" AS "t"
WHERE "t"."updated_at_utc" > @__lastSyncUtc_0
2026-07-27 09:12:10.3485|INFO|Microsoft.EntityFrameworkCore.Database.Command|Executed DbCommand (0ms) [Parameters=[@__lastSyncUtc_0='?' (DbType = DateTime)], CommandType='Text', CommandTimeout='30']
SELECT COUNT(*)
FROM "mstints" AS "m"
WHERE "m"."updated_at_utc" > @__lastSyncUtc_0
2026-07-27 09:12:10.3485|INFO|Microsoft.EntityFrameworkCore.Database.Command|Executed DbCommand (0ms) [Parameters=[@__lastSyncUtc_0='?' (DbType = DateTime)], CommandType='Text', CommandTimeout='30']
SELECT COUNT(*)
FROM "fahrer_im_training" AS "f"
WHERE "f"."updated_at_utc" > @__lastSyncUtc_0
2026-07-27 09:12:10.3485|INFO|Microsoft.EntityFrameworkCore.Database.Command|Executed DbCommand (0ms) [Parameters=[@__lastSyncUtc_0='?' (DbType = DateTime)], CommandType='Text', CommandTimeout='30']
SELECT COUNT(*)
FROM "fahrer_inder_meisterschaft" AS "f"
WHERE "f"."updated_at_utc" > @__lastSyncUtc_0
2026-07-27 09:12:10.3485|INFO|Microsoft.EntityFrameworkCore.Database.Command|Executed DbCommand (0ms) [Parameters=[@__lastSyncUtc_0='?' (DbType = DateTime)], CommandType='Text', CommandTimeout='30']
SELECT COUNT(*)
FROM "trunden" AS "t"
WHERE "t"."updated_at_utc" > @__lastSyncUtc_0
2026-07-27 09:12:10.3485|INFO|Microsoft.EntityFrameworkCore.Database.Command|Executed DbCommand (0ms) [Parameters=[@__lastSyncUtc_0='?' (DbType = DateTime)], CommandType='Text', CommandTimeout='30']
SELECT COUNT(*)
FROM "mrunden" AS "m"
WHERE "m"."updated_at_utc" > @__lastSyncUtc_0
2026-07-27 09:12:10.3978|INFO|Microsoft.EntityFrameworkCore.Database.Command|Executed DbCommand (34ms) [Parameters=[@__lastSyncUtc_0='?' (DbType = DateTime)], CommandType='Text', CommandTimeout='30']
SELECT COUNT(*)
FROM `disziplin` AS `d`
WHERE `d`.`updated_at_utc` > @__lastSyncUtc_0
2026-07-27 09:12:10.4140|INFO|Microsoft.EntityFrameworkCore.Database.Command|Executed DbCommand (9ms) [Parameters=[@__lastSyncUtc_0='?' (DbType = DateTime)], CommandType='Text', CommandTimeout='30']
SELECT COUNT(*)
FROM `disziplin_altersklassen` AS `d`
WHERE `d`.`updated_at_utc` > @__lastSyncUtc_0
2026-07-27 09:12:10.4312|INFO|Microsoft.EntityFrameworkCore.Database.Command|Executed DbCommand (10ms) [Parameters=[@__lastSyncUtc_0='?' (DbType = DateTime)], CommandType='Text', CommandTimeout='30']
SELECT COUNT(*)
FROM `vereine` AS `v`
WHERE `v`.`updated_at_utc` > @__lastSyncUtc_0
2026-07-27 09:12:10.4484|INFO|Microsoft.EntityFrameworkCore.Database.Command|Executed DbCommand (13ms) [Parameters=[@__lastSyncUtc_0='?' (DbType = DateTime)], CommandType='Text', CommandTimeout='30']
SELECT COUNT(*)
FROM `wetter` AS `w`
WHERE `w`.`updated_at_utc` > @__lastSyncUtc_0
2026-07-27 09:12:10.4610|INFO|Microsoft.EntityFrameworkCore.Database.Command|Executed DbCommand (8ms) [Parameters=[@__lastSyncUtc_0='?' (DbType = DateTime)], CommandType='Text', CommandTimeout='30']
SELECT COUNT(*)
FROM `fahrer` AS `f`
WHERE `f`.`updated_at_utc` > @__lastSyncUtc_0
2026-07-27 09:12:10.5334|INFO|Microsoft.EntityFrameworkCore.Database.Command|Executed DbCommand (66ms) [Parameters=[@__lastSyncUtc_0='?' (DbType = DateTime)], CommandType='Text', CommandTimeout='30']
SELECT COUNT(*)
FROM `training` AS `t`
WHERE `t`.`updated_at_utc` > @__lastSyncUtc_0
2026-07-27 09:12:10.5481|INFO|Microsoft.EntityFrameworkCore.Database.Command|Executed DbCommand (8ms) [Parameters=[@__lastSyncUtc_0='?' (DbType = DateTime)], CommandType='Text', CommandTimeout='30']
SELECT COUNT(*)
FROM `meisterschaften` AS `m`
WHERE `m`.`updated_at_utc` > @__lastSyncUtc_0
2026-07-27 09:12:10.5605|INFO|Microsoft.EntityFrameworkCore.Database.Command|Executed DbCommand (8ms) [Parameters=[@__lastSyncUtc_0='?' (DbType = DateTime)], CommandType='Text', CommandTimeout='30']
SELECT COUNT(*)
FROM `karts` AS `k`
WHERE `k`.`updated_at_utc` > @__lastSyncUtc_0
2026-07-27 09:12:10.5738|INFO|Microsoft.EntityFrameworkCore.Database.Command|Executed DbCommand (9ms) [Parameters=[@__lastSyncUtc_0='?' (DbType = DateTime)], CommandType='Text', CommandTimeout='30']
SELECT COUNT(*)
FROM `tstints` AS `t`
WHERE `t`.`updated_at_utc` > @__lastSyncUtc_0
2026-07-27 09:12:10.5865|INFO|Microsoft.EntityFrameworkCore.Database.Command|Executed DbCommand (8ms) [Parameters=[@__lastSyncUtc_0='?' (DbType = DateTime)], CommandType='Text', CommandTimeout='30']
SELECT COUNT(*)
FROM `mstints` AS `m`
WHERE `m`.`updated_at_utc` > @__lastSyncUtc_0
2026-07-27 09:12:10.6053|INFO|Microsoft.EntityFrameworkCore.Database.Command|Executed DbCommand (14ms) [Parameters=[@__lastSyncUtc_0='?' (DbType = DateTime)], CommandType='Text', CommandTimeout='30']
SELECT COUNT(*)
FROM `fahrer_im_training` AS `f`
WHERE `f`.`updated_at_utc` > @__lastSyncUtc_0
2026-07-27 09:12:10.6178|INFO|Microsoft.EntityFrameworkCore.Database.Command|Executed DbCommand (8ms) [Parameters=[@__lastSyncUtc_0='?' (DbType = DateTime)], CommandType='Text', CommandTimeout='30']
SELECT COUNT(*)
FROM `fahrer_inder_meisterschaft` AS `f`
WHERE `f`.`updated_at_utc` > @__lastSyncUtc_0
2026-07-27 09:12:10.6305|INFO|Microsoft.EntityFrameworkCore.Database.Command|Executed DbCommand (8ms) [Parameters=[@__lastSyncUtc_0='?' (DbType = DateTime)], CommandType='Text', CommandTimeout='30']
SELECT COUNT(*)
FROM `trunden` AS `t`
WHERE `t`.`updated_at_utc` > @__lastSyncUtc_0
2026-07-27 09:12:10.6305|INFO|Microsoft.EntityFrameworkCore.Database.Command|Executed DbCommand (9ms) [Parameters=[@__lastSyncUtc_0='?' (DbType = DateTime)], CommandType='Text', CommandTimeout='30']
SELECT COUNT(*)
FROM `mrunden` AS `m`
WHERE `m`.`updated_at_utc` > @__lastSyncUtc_0
2026-07-27 09:12:18.0660|INFO|Microsoft.EntityFrameworkCore.Database.Command|Executed DbCommand (1ms) [Parameters=[@__trainingId_0='?' (DbType = Int32)], CommandType='Text', CommandTimeout='30']
SELECT "t"."id", "t"."beschreibung", "t"."deleted_at_utc", "t"."fk_id_disziplin", "t"."is_deleted", "t"."name", "t"."training_abgeschlossen", "t"."updated_at_utc", "t"."fk_id_verein", "t"."fk_id_wetter", "t"."zeitpunkt", "t0"."id", "t0"."adresse", "t0"."deleted_at_utc", "t0"."is_deleted", "t0"."logo", "t0"."mitglieds_nummer", "t0"."ort", "t0"."postleitzahl", "t0"."updated_at_utc", "t0"."vereinsname", "t1"."id", "t1"."deleted_at_utc", "t1"."is_deleted", "t1"."disziplin", "t1"."updated_at_utc", "t1"."pf", "t1"."tf", "t2"."id", "t2"."wetter", "t2"."deleted_at_utc", "t2"."is_deleted", "t2"."updated_at_utc"
FROM "training" AS "t"
INNER JOIN (
    SELECT "v"."id", "v"."adresse", "v"."deleted_at_utc", "v"."is_deleted", "v"."logo", "v"."mitglieds_nummer", "v"."ort", "v"."postleitzahl", "v"."updated_at_utc", "v"."vereinsname"
    FROM "vereine" AS "v"
    WHERE NOT ("v"."is_deleted")
) AS "t0" ON "t"."fk_id_verein" = "t0"."id"
INNER JOIN (
    SELECT "d"."id", "d"."deleted_at_utc", "d"."is_deleted", "d"."disziplin", "d"."updated_at_utc", "d"."pf", "d"."tf"
    FROM "disziplin" AS "d"
    WHERE NOT ("d"."is_deleted")
) AS "t1" ON "t"."fk_id_disziplin" = "t1"."id"
INNER JOIN (
    SELECT "w"."id", "w"."wetter", "w"."deleted_at_utc", "w"."is_deleted", "w"."updated_at_utc"
    FROM "wetter" AS "w"
    WHERE NOT ("w"."is_deleted")
) AS "t2" ON "t"."fk_id_wetter" = "t2"."id"
WHERE NOT ("t"."is_deleted") AND "t"."id" = @__trainingId_0
LIMIT 1
2026-07-27 09:12:18.0754|INFO|Microsoft.EntityFrameworkCore.Database.Command|Executed DbCommand (0ms) [Parameters=[@__trainingId_0='?' (DbType = Int32)], CommandType='Text', CommandTimeout='30']
SELECT "t"."zeitpunkt" AS "Zeitpunkt", "t"."fk_id_disziplin" AS "DisziplinId"
FROM "training" AS "t"
WHERE NOT ("t"."is_deleted") AND "t"."id" = @__trainingId_0
LIMIT 1
2026-07-27 09:12:18.0754|INFO|Microsoft.EntityFrameworkCore.Database.Command|Executed DbCommand (0ms) [Parameters=[@__trainingMeta_DisziplinId_0='?' (DbType = Int32)], CommandType='Text', CommandTimeout='30']
SELECT "d"."id", "d"."alter_bis", "d"."alter_von", "d"."bezeichnung", "d"."deleted_at_utc", "d"."fk_id_disziplin", "d"."is_deleted", "d"."updated_at_utc"
FROM "disziplin_altersklassen" AS "d"
WHERE NOT ("d"."is_deleted") AND "d"."fk_id_disziplin" = @__trainingMeta_DisziplinId_0
ORDER BY "d"."alter_von", COALESCE("d"."alter_bis", 2147483647)
2026-07-27 09:12:18.0830|INFO|Microsoft.EntityFrameworkCore.Database.Command|Executed DbCommand (0ms) [Parameters=[@__trainingId_0='?' (DbType = Int32)], CommandType='Text', CommandTimeout='30']
SELECT "f"."fk_id_fahrer" AS "FahrerId", "f"."reihenfolge" AS "Reihenfolge", "t"."vorname" AS "Vorname", COALESCE("t"."nachname", '') AS "Nachname", "t0"."vereinsname" AS "VereinName", "t"."geburtsdatum" AS "Geburtsdatum"
FROM "fahrer_im_training" AS "f"
INNER JOIN (
    SELECT "f0"."id", "f0"."geburtsdatum", "f0"."nachname", "f0"."fk_id_verein", "f0"."vorname"
    FROM "fahrer" AS "f0"
    WHERE NOT ("f0"."is_deleted")
) AS "t" ON "f"."fk_id_fahrer" = "t"."id"
INNER JOIN (
    SELECT "v"."id", "v"."vereinsname"
    FROM "vereine" AS "v"
    WHERE NOT ("v"."is_deleted")
) AS "t0" ON "t"."fk_id_verein" = "t0"."id"
WHERE NOT ("f"."is_deleted") AND "f"."fk_id_training" = @__trainingId_0
ORDER BY "f"."reihenfolge", "t"."vorname", "t"."nachname"
2026-07-27 09:12:18.0830|INFO|Microsoft.EntityFrameworkCore.Database.Command|Executed DbCommand (0ms) [Parameters=[@__trainingId_0='?' (DbType = Int32)], CommandType='Text', CommandTimeout='30']
SELECT "t0"."tf" AS "Torfehler", "t0"."pf" AS "Pylonenfehler"
FROM "training" AS "t"
INNER JOIN (
    SELECT "d"."id", "d"."pf", "d"."tf"
    FROM "disziplin" AS "d"
    WHERE NOT ("d"."is_deleted")
) AS "t0" ON "t"."fk_id_disziplin" = "t0"."id"
WHERE NOT ("t"."is_deleted") AND "t"."id" = @__trainingId_0
LIMIT 1
2026-07-27 09:12:18.0830|INFO|Microsoft.EntityFrameworkCore.Database.Command|Executed DbCommand (0ms) [Parameters=[@__trainingId_0='?' (DbType = Int32)], CommandType='Text', CommandTimeout='30']
SELECT "t0"."fk_id_fahrer" AS "FahrerId", "t2"."vorname" AS "Vorname", COALESCE("t2"."nachname", '') AS "Nachname", "t0"."altersklasse_snapshot" AS "AltersklasseSnapshot", "t3"."Name" AS "KartName", "t0"."datum" AS "Zeitpunkt", COALESCE("t"."runde", 0) AS "Runde", "t"."rundenzeit" AS "Rundenzeit", COALESCE("t"."pf", 0) AS "Pylonen", COALESCE("t"."tf", 0) AS "Tore", "t"."ungueltig" AS "Ungueltig"
FROM "trunden" AS "t"
LEFT JOIN (
    SELECT "t1"."id", "t1"."altersklasse_snapshot", "t1"."datum", "t1"."fk_id_fahrer", "t1"."fk_id_kart", "t1"."fk_id_training"
    FROM "tstints" AS "t1"
    WHERE NOT ("t1"."is_deleted")
) AS "t0" ON "t"."fk_id_tstint" = "t0"."id"
LEFT JOIN (
    SELECT "f"."id", "f"."nachname", "f"."vorname"
    FROM "fahrer" AS "f"
    WHERE NOT ("f"."is_deleted")
) AS "t2" ON "t0"."fk_id_fahrer" = "t2"."id"
LEFT JOIN (
    SELECT "k"."id", "k"."Name"
    FROM "karts" AS "k"
    WHERE NOT ("k"."is_deleted")
) AS "t3" ON "t0"."fk_id_kart" = "t3"."id"
WHERE NOT ("t"."is_deleted") AND "t0"."id" IS NOT NULL AND "t0"."fk_id_training" = @__trainingId_0
2026-07-27 09:12:29.9891|INFO|Microsoft.EntityFrameworkCore.Database.Command|Executed DbCommand (0ms) [Parameters=[], CommandType='Text', CommandTimeout='30']
SELECT COUNT(*)
FROM "fahrer" AS "f"
WHERE NOT ("f"."is_deleted")
2026-07-27 09:12:29.9914|INFO|Microsoft.EntityFrameworkCore.Database.Command|Executed DbCommand (0ms) [Parameters=[], CommandType='Text', CommandTimeout='30']
SELECT COUNT(*)
FROM "karts" AS "k"
WHERE NOT ("k"."is_deleted")
2026-07-27 09:12:29.9914|INFO|Microsoft.EntityFrameworkCore.Database.Command|Executed DbCommand (0ms) [Parameters=[], CommandType='Text', CommandTimeout='30']
SELECT COUNT(*)
FROM "training" AS "t"
WHERE NOT ("t"."is_deleted")
2026-07-27 09:12:29.9914|INFO|Microsoft.EntityFrameworkCore.Database.Command|Executed DbCommand (0ms) [Parameters=[], CommandType='Text', CommandTimeout='30']
SELECT COUNT(*)
FROM "tstints" AS "t"
WHERE NOT ("t"."is_deleted")
2026-07-27 09:12:29.9914|INFO|Microsoft.EntityFrameworkCore.Database.Command|Executed DbCommand (0ms) [Parameters=[], CommandType='Text', CommandTimeout='30']
SELECT CASE
    WHEN "t0"."id" IS NOT NULL THEN "t0"."fk_id_fahrer"
    ELSE 0
END AS "FahrerId", CASE
    WHEN "t0"."id" IS NOT NULL THEN "t0"."fk_id_training"
    ELSE 0
END AS "TrainingId", "t"."rundenzeit" AS "Sekunden", COALESCE("t"."pf", 0) AS "Pylonen", COALESCE("t"."tf", 0) AS "Tore", "t"."ungueltig" AS "Ungueltig"
FROM "trunden" AS "t"
LEFT JOIN (
    SELECT "t1"."id", "t1"."fk_id_fahrer", "t1"."fk_id_training"
    FROM "tstints" AS "t1"
    WHERE NOT ("t1"."is_deleted")
) AS "t0" ON "t"."fk_id_tstint" = "t0"."id"
WHERE NOT ("t"."is_deleted") AND "t"."rundenzeit" IS NOT NULL AND "t"."rundenzeit" > 0.0
2026-07-27 09:12:30.0103|INFO|Microsoft.EntityFrameworkCore.Database.Command|Executed DbCommand (0ms) [Parameters=[], CommandType='Text', CommandTimeout='30']
SELECT "t"."fk_id_fahrer" AS "FahrerId", COUNT(*) AS "Stints", COUNT(DISTINCT ("t"."fk_id_training")) AS "Trainings"
FROM "tstints" AS "t"
WHERE NOT ("t"."is_deleted")
GROUP BY "t"."fk_id_fahrer"
2026-07-27 09:12:30.0103|INFO|Microsoft.EntityFrameworkCore.Database.Command|Executed DbCommand (0ms) [Parameters=[], CommandType='Text', CommandTimeout='30']
SELECT "f"."id" AS "Id", "f"."vorname" AS "Vorname", COALESCE("f"."nachname", '') AS "Nachname"
FROM "fahrer" AS "f"
WHERE NOT ("f"."is_deleted")
ORDER BY "f"."vorname", "f"."nachname"
2026-07-27 09:12:32.3801|INFO|Microsoft.EntityFrameworkCore.Database.Command|Executed DbCommand (1ms) [Parameters=[@__trainingId_0='?' (DbType = Int32)], CommandType='Text', CommandTimeout='30']
SELECT "t"."id", "t"."beschreibung", "t"."deleted_at_utc", "t"."fk_id_disziplin", "t"."is_deleted", "t"."name", "t"."training_abgeschlossen", "t"."updated_at_utc", "t"."fk_id_verein", "t"."fk_id_wetter", "t"."zeitpunkt", "t0"."id", "t0"."adresse", "t0"."deleted_at_utc", "t0"."is_deleted", "t0"."logo", "t0"."mitglieds_nummer", "t0"."ort", "t0"."postleitzahl", "t0"."updated_at_utc", "t0"."vereinsname", "t1"."id", "t1"."deleted_at_utc", "t1"."is_deleted", "t1"."disziplin", "t1"."updated_at_utc", "t1"."pf", "t1"."tf", "t2"."id", "t2"."wetter", "t2"."deleted_at_utc", "t2"."is_deleted", "t2"."updated_at_utc"
FROM "training" AS "t"
INNER JOIN (
    SELECT "v"."id", "v"."adresse", "v"."deleted_at_utc", "v"."is_deleted", "v"."logo", "v"."mitglieds_nummer", "v"."ort", "v"."postleitzahl", "v"."updated_at_utc", "v"."vereinsname"
    FROM "vereine" AS "v"
    WHERE NOT ("v"."is_deleted")
) AS "t0" ON "t"."fk_id_verein" = "t0"."id"
INNER JOIN (
    SELECT "d"."id", "d"."deleted_at_utc", "d"."is_deleted", "d"."disziplin", "d"."updated_at_utc", "d"."pf", "d"."tf"
    FROM "disziplin" AS "d"
    WHERE NOT ("d"."is_deleted")
) AS "t1" ON "t"."fk_id_disziplin" = "t1"."id"
INNER JOIN (
    SELECT "w"."id", "w"."wetter", "w"."deleted_at_utc", "w"."is_deleted", "w"."updated_at_utc"
    FROM "wetter" AS "w"
    WHERE NOT ("w"."is_deleted")
) AS "t2" ON "t"."fk_id_wetter" = "t2"."id"
WHERE NOT ("t"."is_deleted") AND "t"."id" = @__trainingId_0
LIMIT 1
2026-07-27 09:12:32.3801|INFO|Microsoft.EntityFrameworkCore.Database.Command|Executed DbCommand (0ms) [Parameters=[@__trainingId_0='?' (DbType = Int32)], CommandType='Text', CommandTimeout='30']
SELECT "t"."zeitpunkt" AS "Zeitpunkt", "t"."fk_id_disziplin" AS "DisziplinId"
FROM "training" AS "t"
WHERE NOT ("t"."is_deleted") AND "t"."id" = @__trainingId_0
LIMIT 1
2026-07-27 09:12:32.3801|INFO|Microsoft.EntityFrameworkCore.Database.Command|Executed DbCommand (0ms) [Parameters=[@__trainingMeta_DisziplinId_0='?' (DbType = Int32)], CommandType='Text', CommandTimeout='30']
SELECT "d"."id", "d"."alter_bis", "d"."alter_von", "d"."bezeichnung", "d"."deleted_at_utc", "d"."fk_id_disziplin", "d"."is_deleted", "d"."updated_at_utc"
FROM "disziplin_altersklassen" AS "d"
WHERE NOT ("d"."is_deleted") AND "d"."fk_id_disziplin" = @__trainingMeta_DisziplinId_0
ORDER BY "d"."alter_von", COALESCE("d"."alter_bis", 2147483647)
2026-07-27 09:12:32.3801|INFO|Microsoft.EntityFrameworkCore.Database.Command|Executed DbCommand (0ms) [Parameters=[@__trainingId_0='?' (DbType = Int32)], CommandType='Text', CommandTimeout='30']
SELECT "f"."fk_id_fahrer" AS "FahrerId", "f"."reihenfolge" AS "Reihenfolge", "t"."vorname" AS "Vorname", COALESCE("t"."nachname", '') AS "Nachname", "t0"."vereinsname" AS "VereinName", "t"."geburtsdatum" AS "Geburtsdatum"
FROM "fahrer_im_training" AS "f"
INNER JOIN (
    SELECT "f0"."id", "f0"."geburtsdatum", "f0"."nachname", "f0"."fk_id_verein", "f0"."vorname"
    FROM "fahrer" AS "f0"
    WHERE NOT ("f0"."is_deleted")
) AS "t" ON "f"."fk_id_fahrer" = "t"."id"
INNER JOIN (
    SELECT "v"."id", "v"."vereinsname"
    FROM "vereine" AS "v"
    WHERE NOT ("v"."is_deleted")
) AS "t0" ON "t"."fk_id_verein" = "t0"."id"
WHERE NOT ("f"."is_deleted") AND "f"."fk_id_training" = @__trainingId_0
ORDER BY "f"."reihenfolge", "t"."vorname", "t"."nachname"
2026-07-27 09:12:32.3801|INFO|Microsoft.EntityFrameworkCore.Database.Command|Executed DbCommand (0ms) [Parameters=[@__trainingId_0='?' (DbType = Int32)], CommandType='Text', CommandTimeout='30']
SELECT "t0"."tf" AS "Torfehler", "t0"."pf" AS "Pylonenfehler"
FROM "training" AS "t"
INNER JOIN (
    SELECT "d"."id", "d"."pf", "d"."tf"
    FROM "disziplin" AS "d"
    WHERE NOT ("d"."is_deleted")
) AS "t0" ON "t"."fk_id_disziplin" = "t0"."id"
WHERE NOT ("t"."is_deleted") AND "t"."id" = @__trainingId_0
LIMIT 1
2026-07-27 09:12:32.3801|INFO|Microsoft.EntityFrameworkCore.Database.Command|Executed DbCommand (0ms) [Parameters=[@__trainingId_0='?' (DbType = Int32)], CommandType='Text', CommandTimeout='30']
SELECT "t0"."fk_id_fahrer" AS "FahrerId", "t2"."vorname" AS "Vorname", COALESCE("t2"."nachname", '') AS "Nachname", "t0"."altersklasse_snapshot" AS "AltersklasseSnapshot", "t3"."Name" AS "KartName", "t0"."datum" AS "Zeitpunkt", COALESCE("t"."runde", 0) AS "Runde", "t"."rundenzeit" AS "Rundenzeit", COALESCE("t"."pf", 0) AS "Pylonen", COALESCE("t"."tf", 0) AS "Tore", "t"."ungueltig" AS "Ungueltig"
FROM "trunden" AS "t"
LEFT JOIN (
    SELECT "t1"."id", "t1"."altersklasse_snapshot", "t1"."datum", "t1"."fk_id_fahrer", "t1"."fk_id_kart", "t1"."fk_id_training"
    FROM "tstints" AS "t1"
    WHERE NOT ("t1"."is_deleted")
) AS "t0" ON "t"."fk_id_tstint" = "t0"."id"
LEFT JOIN (
    SELECT "f"."id", "f"."nachname", "f"."vorname"
    FROM "fahrer" AS "f"
    WHERE NOT ("f"."is_deleted")
) AS "t2" ON "t0"."fk_id_fahrer" = "t2"."id"
LEFT JOIN (
    SELECT "k"."id", "k"."Name"
    FROM "karts" AS "k"
    WHERE NOT ("k"."is_deleted")
) AS "t3" ON "t0"."fk_id_kart" = "t3"."id"
WHERE NOT ("t"."is_deleted") AND "t0"."id" IS NOT NULL AND "t0"."fk_id_training" = @__trainingId_0
2026-07-27 09:13:08.7855|INFO|Microsoft.EntityFrameworkCore.Database.Command|Executed DbCommand (1ms) [Parameters=[], CommandType='Text', CommandTimeout='30']
SELECT COUNT(*)
FROM "fahrer" AS "f"
WHERE NOT ("f"."is_deleted")
2026-07-27 09:13:08.7862|INFO|Microsoft.EntityFrameworkCore.Database.Command|Executed DbCommand (0ms) [Parameters=[], CommandType='Text', CommandTimeout='30']
SELECT COUNT(*)
FROM "karts" AS "k"
WHERE NOT ("k"."is_deleted")
2026-07-27 09:13:08.7862|INFO|Microsoft.EntityFrameworkCore.Database.Command|Executed DbCommand (0ms) [Parameters=[], CommandType='Text', CommandTimeout='30']
SELECT COUNT(*)
FROM "training" AS "t"
WHERE NOT ("t"."is_deleted")
2026-07-27 09:13:08.7862|INFO|Microsoft.EntityFrameworkCore.Database.Command|Executed DbCommand (0ms) [Parameters=[], CommandType='Text', CommandTimeout='30']
SELECT COUNT(*)
FROM "tstints" AS "t"
WHERE NOT ("t"."is_deleted")
2026-07-27 09:13:08.7862|INFO|Microsoft.EntityFrameworkCore.Database.Command|Executed DbCommand (0ms) [Parameters=[], CommandType='Text', CommandTimeout='30']
SELECT CASE
    WHEN "t0"."id" IS NOT NULL THEN "t0"."fk_id_fahrer"
    ELSE 0
END AS "FahrerId", CASE
    WHEN "t0"."id" IS NOT NULL THEN "t0"."fk_id_training"
    ELSE 0
END AS "TrainingId", "t"."rundenzeit" AS "Sekunden", COALESCE("t"."pf", 0) AS "Pylonen", COALESCE("t"."tf", 0) AS "Tore", "t"."ungueltig" AS "Ungueltig"
FROM "trunden" AS "t"
LEFT JOIN (
    SELECT "t1"."id", "t1"."fk_id_fahrer", "t1"."fk_id_training"
    FROM "tstints" AS "t1"
    WHERE NOT ("t1"."is_deleted")
) AS "t0" ON "t"."fk_id_tstint" = "t0"."id"
WHERE NOT ("t"."is_deleted") AND "t"."rundenzeit" IS NOT NULL AND "t"."rundenzeit" > 0.0
2026-07-27 09:13:08.7862|INFO|Microsoft.EntityFrameworkCore.Database.Command|Executed DbCommand (0ms) [Parameters=[], CommandType='Text', CommandTimeout='30']
SELECT "t"."fk_id_fahrer" AS "FahrerId", COUNT(*) AS "Stints", COUNT(DISTINCT ("t"."fk_id_training")) AS "Trainings"
FROM "tstints" AS "t"
WHERE NOT ("t"."is_deleted")
GROUP BY "t"."fk_id_fahrer"
2026-07-27 09:13:08.7862|INFO|Microsoft.EntityFrameworkCore.Database.Command|Executed DbCommand (0ms) [Parameters=[], CommandType='Text', CommandTimeout='30']
SELECT "f"."id" AS "Id", "f"."vorname" AS "Vorname", COALESCE("f"."nachname", '') AS "Nachname"
FROM "fahrer" AS "f"
WHERE NOT ("f"."is_deleted")
ORDER BY "f"."vorname", "f"."nachname"
2026-07-27 09:13:11.2429|INFO|Microsoft.EntityFrameworkCore.Database.Command|Executed DbCommand (2ms) [Parameters=[], CommandType='Text', CommandTimeout='30']
SELECT "v"."id", "v"."adresse", "v"."deleted_at_utc", "v"."is_deleted", "v"."logo", "v"."mitglieds_nummer", "v"."ort", "v"."postleitzahl", "v"."updated_at_utc", "v"."vereinsname"
FROM "vereine" AS "v"
WHERE NOT ("v"."is_deleted")
ORDER BY "v"."vereinsname"
2026-07-27 09:13:11.9871|INFO|Microsoft.EntityFrameworkCore.Database.Command|Executed DbCommand (1ms) [Parameters=[], CommandType='Text', CommandTimeout='30']
SELECT "f"."id", "f"."fk_id_verein", "f"."geschlecht", "f"."vorname", COALESCE("f"."nachname", ''), "f"."mitglieds_nummer", "f"."geburtsdatum", "f"."geburtsdatum" IS NOT NULL, "t"."vereinsname"
FROM "fahrer" AS "f"
INNER JOIN (
    SELECT "v"."id", "v"."vereinsname"
    FROM "vereine" AS "v"
    WHERE NOT ("v"."is_deleted")
) AS "t" ON "f"."fk_id_verein" = "t"."id"
WHERE NOT ("f"."is_deleted")
ORDER BY "f"."vorname", "f"."nachname"
2026-07-27 09:13:12.7927|INFO|Microsoft.EntityFrameworkCore.Database.Command|Executed DbCommand (0ms) [Parameters=[], CommandType='Text', CommandTimeout='30']
SELECT "d"."id", "d"."deleted_at_utc", "d"."is_deleted", "d"."disziplin", "d"."updated_at_utc", "d"."pf", "d"."tf", "t"."id", "t"."alter_bis", "t"."alter_von", "t"."bezeichnung", "t"."deleted_at_utc", "t"."fk_id_disziplin", "t"."is_deleted", "t"."updated_at_utc"
FROM "disziplin" AS "d"
LEFT JOIN (
    SELECT "d0"."id", "d0"."alter_bis", "d0"."alter_von", "d0"."bezeichnung", "d0"."deleted_at_utc", "d0"."fk_id_disziplin", "d0"."is_deleted", "d0"."updated_at_utc"
    FROM "disziplin_altersklassen" AS "d0"
    WHERE NOT ("d0"."is_deleted")
) AS "t" ON "d"."id" = "t"."fk_id_disziplin"
WHERE NOT ("d"."is_deleted")
ORDER BY "d"."disziplin", "d"."id"
2026-07-27 09:13:13.5541|INFO|Microsoft.EntityFrameworkCore.Database.Command|Executed DbCommand (1ms) [Parameters=[], CommandType='Text', CommandTimeout='30']
SELECT "f"."id", "f"."fk_id_verein", "f"."geschlecht", "f"."vorname", COALESCE("f"."nachname", ''), "f"."mitglieds_nummer", "f"."geburtsdatum", "f"."geburtsdatum" IS NOT NULL, "t"."vereinsname"
FROM "fahrer" AS "f"
INNER JOIN (
    SELECT "v"."id", "v"."vereinsname"
    FROM "vereine" AS "v"
    WHERE NOT ("v"."is_deleted")
) AS "t" ON "f"."fk_id_verein" = "t"."id"
WHERE NOT ("f"."is_deleted")
ORDER BY "f"."vorname", "f"."nachname"
2026-07-27 09:13:14.6126|INFO|Microsoft.EntityFrameworkCore.Database.Command|Executed DbCommand (2ms) [Parameters=[], CommandType='Text', CommandTimeout='30']
SELECT "v"."id", "v"."adresse", "v"."deleted_at_utc", "v"."is_deleted", "v"."logo", "v"."mitglieds_nummer", "v"."ort", "v"."postleitzahl", "v"."updated_at_utc", "v"."vereinsname"
FROM "vereine" AS "v"
WHERE NOT ("v"."is_deleted")
ORDER BY "v"."vereinsname"
2026-07-27 10:39:30.1093|INFO|Microsoft.EntityFrameworkCore.Database.Command|Executed DbCommand (1ms) [Parameters=[], CommandType='Text', CommandTimeout='30']
SELECT COUNT(*) FROM "sqlite_master" WHERE "name" = '__EFMigrationsHistory' AND "type" = 'table';
2026-07-27 10:39:30.1093|INFO|Microsoft.EntityFrameworkCore.Database.Command|Executed DbCommand (0ms) [Parameters=[], CommandType='Text', CommandTimeout='30']
SELECT COUNT(*) FROM "sqlite_master" WHERE "name" = '__EFMigrationsHistory' AND "type" = 'table';
2026-07-27 10:39:30.1153|INFO|Microsoft.EntityFrameworkCore.Database.Command|Executed DbCommand (0ms) [Parameters=[], CommandType='Text', CommandTimeout='30']
SELECT "MigrationId", "ProductVersion"
FROM "__EFMigrationsHistory"
ORDER BY "MigrationId";
2026-07-27 10:39:30.1153|INFO|Microsoft.EntityFrameworkCore.Migrations|No migrations were applied. The database is already up to date.
2026-07-27 10:39:30.1961|INFO|Microsoft.EntityFrameworkCore.Database.Command|Executed DbCommand (6ms) [Parameters=[], CommandType='Text', CommandTimeout='30']
SELECT 1 FROM INFORMATION_SCHEMA.TABLES WHERE TABLE_SCHEMA='os' AND TABLE_NAME='__EFMigrationsHistory';
2026-07-27 10:39:30.2445|INFO|Microsoft.EntityFrameworkCore.Database.Command|Executed DbCommand (6ms) [Parameters=[], CommandType='Text', CommandTimeout='30']
SELECT 1 FROM INFORMATION_SCHEMA.TABLES WHERE TABLE_SCHEMA='os' AND TABLE_NAME='__EFMigrationsHistory';
2026-07-27 10:39:30.2585|INFO|Microsoft.EntityFrameworkCore.Database.Command|Executed DbCommand (8ms) [Parameters=[], CommandType='Text', CommandTimeout='30']
SELECT `MigrationId`, `ProductVersion`
FROM `__EFMigrationsHistory`
ORDER BY `MigrationId`;
2026-07-27 10:39:30.2585|INFO|Microsoft.EntityFrameworkCore.Migrations|No migrations were applied. The database is already up to date.
2026-07-27 10:39:30.2921|INFO|Microsoft.EntityFrameworkCore.Database.Command|Executed DbCommand (0ms) [Parameters=[], CommandType='Text', CommandTimeout='30']
SELECT "d"."id", "d"."deleted_at_utc", "d"."is_deleted", "d"."disziplin", "d"."updated_at_utc", "d"."pf", "d"."tf"
FROM "disziplin" AS "d"
2026-07-27 10:39:30.3298|INFO|Microsoft.EntityFrameworkCore.Database.Command|Executed DbCommand (6ms) [Parameters=[], CommandType='Text', CommandTimeout='30']
SELECT `d`.`id`, `d`.`deleted_at_utc`, `d`.`is_deleted`, `d`.`disziplin`, `d`.`updated_at_utc`, `d`.`pf`, `d`.`tf`
FROM `disziplin` AS `d`
2026-07-27 10:39:30.3472|INFO|Microsoft.EntityFrameworkCore.Database.Command|Executed DbCommand (0ms) [Parameters=[], CommandType='Text', CommandTimeout='30']
SELECT "d"."id", "d"."alter_bis", "d"."alter_von", "d"."bezeichnung", "d"."deleted_at_utc", "d"."fk_id_disziplin", "d"."is_deleted", "d"."updated_at_utc"
FROM "disziplin_altersklassen" AS "d"
2026-07-27 10:39:30.3650|INFO|Microsoft.EntityFrameworkCore.Database.Command|Executed DbCommand (6ms) [Parameters=[], CommandType='Text', CommandTimeout='30']
SELECT `d`.`id`, `d`.`alter_bis`, `d`.`alter_von`, `d`.`bezeichnung`, `d`.`deleted_at_utc`, `d`.`fk_id_disziplin`, `d`.`is_deleted`, `d`.`updated_at_utc`
FROM `disziplin_altersklassen` AS `d`
2026-07-27 10:39:30.3650|INFO|Microsoft.EntityFrameworkCore.Database.Command|Executed DbCommand (2ms) [Parameters=[], CommandType='Text', CommandTimeout='30']
SELECT "v"."id", "v"."adresse", "v"."deleted_at_utc", "v"."is_deleted", "v"."logo", "v"."mitglieds_nummer", "v"."ort", "v"."postleitzahl", "v"."updated_at_utc", "v"."vereinsname"
FROM "vereine" AS "v"
2026-07-27 10:39:30.3994|INFO|Microsoft.EntityFrameworkCore.Database.Command|Executed DbCommand (6ms) [Parameters=[], CommandType='Text', CommandTimeout='30']
SELECT `v`.`id`, `v`.`adresse`, `v`.`deleted_at_utc`, `v`.`is_deleted`, `v`.`logo`, `v`.`mitglieds_nummer`, `v`.`ort`, `v`.`postleitzahl`, `v`.`updated_at_utc`, `v`.`vereinsname`
FROM `vereine` AS `v`
2026-07-27 10:39:30.4143|INFO|Microsoft.EntityFrameworkCore.Database.Command|Executed DbCommand (0ms) [Parameters=[], CommandType='Text', CommandTimeout='30']
SELECT "w"."id", "w"."wetter", "w"."deleted_at_utc", "w"."is_deleted", "w"."updated_at_utc"
FROM "wetter" AS "w"
2026-07-27 10:39:30.4264|INFO|Microsoft.EntityFrameworkCore.Database.Command|Executed DbCommand (6ms) [Parameters=[], CommandType='Text', CommandTimeout='30']
SELECT `w`.`id`, `w`.`wetter`, `w`.`deleted_at_utc`, `w`.`is_deleted`, `w`.`updated_at_utc`
FROM `wetter` AS `w`
2026-07-27 10:39:30.8698|INFO|Microsoft.EntityFrameworkCore.Database.Command|Executed DbCommand (373ms) [Parameters=[@p6='?' (DbType = Int32), @p0='?' (Size = 250), @p1='?' (Size = -1) (DbType = Binary), @p2='?' (Size = 100), @p3='?' (Size = 20), @p4='?' (DbType = DateTime), @p5='?' (Size = 100)], CommandType='Text', CommandTimeout='30']
SET AUTOCOMMIT = 1;
UPDATE `vereine` SET `adresse` = @p0, `logo` = @p1, `ort` = @p2, `postleitzahl` = @p3, `updated_at_utc` = @p4, `vereinsname` = @p5
WHERE `id` = @p6;
SELECT ROW_COUNT();
2026-07-27 10:39:30.8892|INFO|Microsoft.EntityFrameworkCore.Database.Command|Executed DbCommand (0ms) [Parameters=[], CommandType='Text', CommandTimeout='30']
SELECT "f"."id", "f"."deleted_at_utc", "f"."geburtsdatum", "f"."geschlecht", "f"."is_deleted", "f"."mitglieds_nummer", "f"."nachname", "f"."updated_at_utc", "f"."fk_id_verein", "f"."vorname"
FROM "fahrer" AS "f"
2026-07-27 10:39:30.9089|INFO|Microsoft.EntityFrameworkCore.Database.Command|Executed DbCommand (7ms) [Parameters=[], CommandType='Text', CommandTimeout='30']
SELECT `f`.`id`, `f`.`deleted_at_utc`, `f`.`geburtsdatum`, `f`.`geschlecht`, `f`.`is_deleted`, `f`.`mitglieds_nummer`, `f`.`nachname`, `f`.`updated_at_utc`, `f`.`fk_id_verein`, `f`.`vorname`
FROM `fahrer` AS `f`
2026-07-27 10:39:30.9250|INFO|Microsoft.EntityFrameworkCore.Database.Command|Executed DbCommand (0ms) [Parameters=[], CommandType='Text', CommandTimeout='30']
SELECT "t"."id", "t"."beschreibung", "t"."deleted_at_utc", "t"."fk_id_disziplin", "t"."is_deleted", "t"."name", "t"."training_abgeschlossen", "t"."updated_at_utc", "t"."fk_id_verein", "t"."fk_id_wetter", "t"."zeitpunkt"
FROM "training" AS "t"
2026-07-27 10:39:30.9472|INFO|Microsoft.EntityFrameworkCore.Database.Command|Executed DbCommand (7ms) [Parameters=[], CommandType='Text', CommandTimeout='30']
SELECT `t`.`id`, `t`.`beschreibung`, `t`.`deleted_at_utc`, `t`.`fk_id_disziplin`, `t`.`is_deleted`, `t`.`name`, `t`.`training_abgeschlossen`, `t`.`updated_at_utc`, `t`.`fk_id_verein`, `t`.`fk_id_wetter`, `t`.`zeitpunkt`
FROM `training` AS `t`
2026-07-27 10:39:30.9607|INFO|Microsoft.EntityFrameworkCore.Database.Command|Executed DbCommand (0ms) [Parameters=[], CommandType='Text', CommandTimeout='30']
SELECT "m"."id", "m"."aktiv_ausgerichtet", "m"."beschreibung", "m"."deleted_at_utc", "m"."fk_id_disziplin", "m"."fk_id_gastgeber", "m"."is_deleted", "m"."meisterschaft_abgeschlossen", "m"."name", "m"."updated_at_utc", "m"."fk_id_wetter", "m"."zeitpunkt"
FROM "meisterschaften" AS "m"
2026-07-27 10:39:30.9607|INFO|Microsoft.EntityFrameworkCore.Database.Command|Executed DbCommand (6ms) [Parameters=[], CommandType='Text', CommandTimeout='30']
SELECT `m`.`id`, `m`.`aktiv_ausgerichtet`, `m`.`beschreibung`, `m`.`deleted_at_utc`, `m`.`fk_id_disziplin`, `m`.`fk_id_gastgeber`, `m`.`is_deleted`, `m`.`meisterschaft_abgeschlossen`, `m`.`name`, `m`.`updated_at_utc`, `m`.`fk_id_wetter`, `m`.`zeitpunkt`
FROM `meisterschaften` AS `m`
2026-07-27 10:39:30.9711|INFO|Microsoft.EntityFrameworkCore.Database.Command|Executed DbCommand (0ms) [Parameters=[], CommandType='Text', CommandTimeout='30']
SELECT "k"."id", "k"."Chassis", "k"."deleted_at_utc", "k"."fk_id_disziplin", "k"."is_deleted", "k"."Motor", "k"."Name", "k"."updated_at_utc", "k"."fk_id_verein"
FROM "karts" AS "k"
2026-07-27 10:39:30.9875|INFO|Microsoft.EntityFrameworkCore.Database.Command|Executed DbCommand (6ms) [Parameters=[], CommandType='Text', CommandTimeout='30']
SELECT `k`.`id`, `k`.`Chassis`, `k`.`deleted_at_utc`, `k`.`fk_id_disziplin`, `k`.`is_deleted`, `k`.`Motor`, `k`.`Name`, `k`.`updated_at_utc`, `k`.`fk_id_verein`
FROM `karts` AS `k`
2026-07-27 10:39:31.0266|INFO|Microsoft.EntityFrameworkCore.Database.Command|Executed DbCommand (3ms) [Parameters=[@p1='?' (DbType = Int32), @p0='?' (DbType = DateTime)], CommandType='Text', CommandTimeout='30']
UPDATE "training" SET "updated_at_utc" = @p0
WHERE "id" = @p1
RETURNING 1;
2026-07-27 10:39:31.0343|INFO|Microsoft.EntityFrameworkCore.Database.Command|Executed DbCommand (0ms) [Parameters=[], CommandType='Text', CommandTimeout='30']
SELECT "t"."id", "t"."altersklasse_snapshot", "t"."datum", "t"."deleted_at_utc", "t"."fk_id_fahrer", "t"."is_deleted", "t"."fk_id_kart", "t"."fk_id_training", "t"."updated_at_utc"
FROM "tstints" AS "t"
2026-07-27 10:39:31.0503|INFO|Microsoft.EntityFrameworkCore.Database.Command|Executed DbCommand (7ms) [Parameters=[], CommandType='Text', CommandTimeout='30']
SELECT `t`.`id`, `t`.`altersklasse_snapshot`, `t`.`datum`, `t`.`deleted_at_utc`, `t`.`fk_id_fahrer`, `t`.`is_deleted`, `t`.`fk_id_kart`, `t`.`fk_id_training`, `t`.`updated_at_utc`
FROM `tstints` AS `t`
2026-07-27 10:39:31.0503|INFO|Microsoft.EntityFrameworkCore.Database.Command|Executed DbCommand (0ms) [Parameters=[], CommandType='Text', CommandTimeout='30']
SELECT "m"."id", "m"."altersklasse_snapshot", "m"."datum", "m"."deleted_at_utc", "m"."fk_id_fahrer", "m"."is_deleted", "m"."fk_id_kart", "m"."fk_id_meisterschaft", "m"."updated_at_utc"
FROM "mstints" AS "m"
2026-07-27 10:39:31.0688|INFO|Microsoft.EntityFrameworkCore.Database.Command|Executed DbCommand (6ms) [Parameters=[], CommandType='Text', CommandTimeout='30']
SELECT `m`.`id`, `m`.`altersklasse_snapshot`, `m`.`datum`, `m`.`deleted_at_utc`, `m`.`fk_id_fahrer`, `m`.`is_deleted`, `m`.`fk_id_kart`, `m`.`fk_id_meisterschaft`, `m`.`updated_at_utc`
FROM `mstints` AS `m`
2026-07-27 10:39:31.0688|INFO|Microsoft.EntityFrameworkCore.Database.Command|Executed DbCommand (0ms) [Parameters=[], CommandType='Text', CommandTimeout='30']
SELECT "f"."fk_id_training", "f"."fk_id_fahrer", "f"."deleted_at_utc", "f"."is_deleted", "f"."reihenfolge", "f"."updated_at_utc"
FROM "fahrer_im_training" AS "f"
2026-07-27 10:39:31.0854|INFO|Microsoft.EntityFrameworkCore.Database.Command|Executed DbCommand (5ms) [Parameters=[], CommandType='Text', CommandTimeout='30']
SELECT `f`.`fk_id_training`, `f`.`fk_id_fahrer`, `f`.`deleted_at_utc`, `f`.`is_deleted`, `f`.`reihenfolge`, `f`.`updated_at_utc`
FROM `fahrer_im_training` AS `f`
2026-07-27 10:39:31.0977|INFO|Microsoft.EntityFrameworkCore.Database.Command|Executed DbCommand (0ms) [Parameters=[], CommandType='Text', CommandTimeout='30']
SELECT "f"."fk_id_meisterschaft", "f"."fk_id_fahrer", "f"."deleted_at_utc", "f"."is_deleted", "f"."reihenfolge", "f"."updated_at_utc"
FROM "fahrer_inder_meisterschaft" AS "f"
2026-07-27 10:39:31.0977|INFO|Microsoft.EntityFrameworkCore.Database.Command|Executed DbCommand (6ms) [Parameters=[], CommandType='Text', CommandTimeout='30']
SELECT `f`.`fk_id_meisterschaft`, `f`.`fk_id_fahrer`, `f`.`deleted_at_utc`, `f`.`is_deleted`, `f`.`reihenfolge`, `f`.`updated_at_utc`
FROM `fahrer_inder_meisterschaft` AS `f`
2026-07-27 10:39:31.1598|INFO|Microsoft.EntityFrameworkCore.Database.Command|Executed DbCommand (12ms) [Parameters=[@p2='?' (DbType = Int32), @p3='?' (DbType = Int32), @p0='?' (DbType = Int32), @p1='?' (DbType = DateTime), @p6='?' (DbType = Int32), @p7='?' (DbType = Int32), @p4='?' (DbType = Int32), @p5='?' (DbType = DateTime)], CommandType='Text', CommandTimeout='30']
UPDATE `fahrer_im_training` SET `reihenfolge` = @p0, `updated_at_utc` = @p1
WHERE `fk_id_fahrer` = @p2 AND `fk_id_training` = @p3;
SELECT ROW_COUNT();

UPDATE `fahrer_im_training` SET `reihenfolge` = @p4, `updated_at_utc` = @p5
WHERE `fk_id_fahrer` = @p6 AND `fk_id_training` = @p7;
SELECT ROW_COUNT();
2026-07-27 10:39:31.1598|INFO|Microsoft.EntityFrameworkCore.Database.Command|Executed DbCommand (0ms) [Parameters=[], CommandType='Text', CommandTimeout='30']
SELECT "t"."id", "t"."deleted_at_utc", "t"."is_deleted", "t"."pf", "t"."runde", "t"."rundenzeit", "t"."tf", "t"."fk_id_tstint", "t"."ungueltig", "t"."updated_at_utc"
FROM "trunden" AS "t"
2026-07-27 10:39:31.1896|INFO|Microsoft.EntityFrameworkCore.Database.Command|Executed DbCommand (9ms) [Parameters=[], CommandType='Text', CommandTimeout='30']
SELECT `t`.`id`, `t`.`deleted_at_utc`, `t`.`is_deleted`, `t`.`pf`, `t`.`runde`, `t`.`rundenzeit`, `t`.`tf`, `t`.`fk_id_tstint`, `t`.`ungueltig`, `t`.`updated_at_utc`
FROM `trunden` AS `t`
2026-07-27 10:39:31.1896|INFO|Microsoft.EntityFrameworkCore.Database.Command|Executed DbCommand (0ms) [Parameters=[], CommandType='Text', CommandTimeout='30']
SELECT "m"."id", "m"."deleted_at_utc", "m"."is_deleted", "m"."fk_id_mstint", "m"."pf", "m"."runde", "m"."rundenzeit", "m"."tf", "m"."ungueltig", "m"."updated_at_utc"
FROM "mrunden" AS "m"
2026-07-27 10:39:31.2133|INFO|Microsoft.EntityFrameworkCore.Database.Command|Executed DbCommand (8ms) [Parameters=[], CommandType='Text', CommandTimeout='30']
SELECT `m`.`id`, `m`.`deleted_at_utc`, `m`.`is_deleted`, `m`.`fk_id_mstint`, `m`.`pf`, `m`.`runde`, `m`.`rundenzeit`, `m`.`tf`, `m`.`ungueltig`, `m`.`updated_at_utc`
FROM `mrunden` AS `m`
2026-07-27 10:39:31.2133|INFO|Microsoft.EntityFrameworkCore.Database.Command|Executed DbCommand (0ms) [Parameters=[], CommandType='Text', CommandTimeout='30']
SELECT "s"."id", "s"."last_sync_utc"
FROM "sync_state" AS "s"
WHERE "s"."id" = 'global'
LIMIT 1
2026-07-27 10:39:31.2297|INFO|Microsoft.EntityFrameworkCore.Database.Command|Executed DbCommand (8ms) [Parameters=[], CommandType='Text', CommandTimeout='30']
SELECT `s`.`id`, `s`.`last_sync_utc`
FROM `sync_state` AS `s`
WHERE `s`.`id` = 'global'
LIMIT 1
2026-07-27 10:39:31.2398|INFO|Microsoft.EntityFrameworkCore.Database.Command|Executed DbCommand (0ms) [Parameters=[@p1='?' (Size = 6), @p0='?' (DbType = DateTime)], CommandType='Text', CommandTimeout='30']
UPDATE "sync_state" SET "last_sync_utc" = @p0
WHERE "id" = @p1
RETURNING 1;
2026-07-27 10:39:31.2398|INFO|Microsoft.EntityFrameworkCore.Database.Command|Executed DbCommand (3ms) [Parameters=[@p1='?' (Size = 50), @p0='?' (DbType = DateTime)], CommandType='Text', CommandTimeout='30']
SET AUTOCOMMIT = 1;
UPDATE `sync_state` SET `last_sync_utc` = @p0
WHERE `id` = @p1;
SELECT ROW_COUNT();
2026-07-27 10:39:31.2890|INFO|OpenSlalom.Data.DataSyncService|Bidirektionale Synchronisierung erfolgreich beendet.
2026-07-27 10:39:31.2890|INFO|Microsoft.EntityFrameworkCore.Database.Command|Executed DbCommand (0ms) [Parameters=[], CommandType='Text', CommandTimeout='30']
SELECT "d"."id", "d"."deleted_at_utc", "d"."is_deleted", "d"."disziplin", "d"."updated_at_utc", "d"."pf", "d"."tf", "t"."id", "t"."alter_bis", "t"."alter_von", "t"."bezeichnung", "t"."deleted_at_utc", "t"."fk_id_disziplin", "t"."is_deleted", "t"."updated_at_utc"
FROM "disziplin" AS "d"
LEFT JOIN (
    SELECT "d0"."id", "d0"."alter_bis", "d0"."alter_von", "d0"."bezeichnung", "d0"."deleted_at_utc", "d0"."fk_id_disziplin", "d0"."is_deleted", "d0"."updated_at_utc"
    FROM "disziplin_altersklassen" AS "d0"
    WHERE NOT ("d0"."is_deleted")
) AS "t" ON "d"."id" = "t"."fk_id_disziplin"
WHERE NOT ("d"."is_deleted")
ORDER BY "d"."disziplin", "d"."id"
2026-07-27 10:39:31.2890|INFO|Microsoft.EntityFrameworkCore.Database.Command|Executed DbCommand (2ms) [Parameters=[], CommandType='Text', CommandTimeout='30']
SELECT "v"."id", "v"."adresse", "v"."deleted_at_utc", "v"."is_deleted", "v"."logo", "v"."mitglieds_nummer", "v"."ort", "v"."postleitzahl", "v"."updated_at_utc", "v"."vereinsname"
FROM "vereine" AS "v"
WHERE NOT ("v"."is_deleted")
ORDER BY "v"."vereinsname"
2026-07-27 10:39:31.3277|INFO|Microsoft.EntityFrameworkCore.Database.Command|Executed DbCommand (0ms) [Parameters=[], CommandType='Text', CommandTimeout='30']
SELECT "t"."id", "t"."fk_id_verein", "t"."fk_id_disziplin", "t"."fk_id_wetter", "t"."name", "t"."beschreibung", "t"."zeitpunkt", "t"."training_abgeschlossen", CASE
    WHEN "t"."training_abgeschlossen" THEN 'Ja'
    ELSE 'Nein'
END, "t0"."vereinsname", "t1"."disziplin", "t2"."wetter"
FROM "training" AS "t"
INNER JOIN (
    SELECT "v"."id", "v"."vereinsname"
    FROM "vereine" AS "v"
    WHERE NOT ("v"."is_deleted")
) AS "t0" ON "t"."fk_id_verein" = "t0"."id"
INNER JOIN (
    SELECT "d"."id", "d"."disziplin"
    FROM "disziplin" AS "d"
    WHERE NOT ("d"."is_deleted")
) AS "t1" ON "t"."fk_id_disziplin" = "t1"."id"
INNER JOIN (
    SELECT "w"."id", "w"."wetter"
    FROM "wetter" AS "w"
    WHERE NOT ("w"."is_deleted")
) AS "t2" ON "t"."fk_id_wetter" = "t2"."id"
WHERE NOT ("t"."is_deleted")
ORDER BY "t"."zeitpunkt" DESC, "t"."name"
2026-07-27 10:39:31.3277|INFO|Microsoft.EntityFrameworkCore.Database.Command|Executed DbCommand (0ms) [Parameters=[], CommandType='Text', CommandTimeout='30']
SELECT "f"."id", "f"."fk_id_verein", "f"."geschlecht", "f"."vorname", COALESCE("f"."nachname", ''), "f"."mitglieds_nummer", "f"."geburtsdatum", "f"."geburtsdatum" IS NOT NULL, "t"."vereinsname"
FROM "fahrer" AS "f"
INNER JOIN (
    SELECT "v"."id", "v"."vereinsname"
    FROM "vereine" AS "v"
    WHERE NOT ("v"."is_deleted")
) AS "t" ON "f"."fk_id_verein" = "t"."id"
WHERE NOT ("f"."is_deleted")
ORDER BY "f"."vorname", "f"."nachname"
2026-07-27 10:39:31.3326|INFO|Microsoft.EntityFrameworkCore.Database.Command|Executed DbCommand (0ms) [Parameters=[], CommandType='Text', CommandTimeout='30']
SELECT "k"."id" AS "Id", "k"."fk_id_verein" AS "VereinId", "k"."fk_id_disziplin" AS "DisziplinId", COALESCE("k"."Name", '') AS "Name", COALESCE("k"."Motor", '') AS "Motor", COALESCE("k"."Chassis", '') AS "Chassis", "t"."vereinsname" AS "VereinName", "t0"."disziplin" AS "DisziplinName"
FROM "karts" AS "k"
INNER JOIN (
    SELECT "v"."id", "v"."vereinsname"
    FROM "vereine" AS "v"
    WHERE NOT ("v"."is_deleted")
) AS "t" ON "k"."fk_id_verein" = "t"."id"
INNER JOIN (
    SELECT "d"."id", "d"."disziplin"
    FROM "disziplin" AS "d"
    WHERE NOT ("d"."is_deleted")
) AS "t0" ON "k"."fk_id_disziplin" = "t0"."id"
WHERE NOT ("k"."is_deleted")
ORDER BY "k"."Name"
2026-07-27 10:39:31.3326|INFO|Microsoft.EntityFrameworkCore.Database.Command|Executed DbCommand (0ms) [Parameters=[], CommandType='Text', CommandTimeout='30']
SELECT "w"."id" AS "Id", "w"."wetter" AS "Name"
FROM "wetter" AS "w"
WHERE NOT ("w"."is_deleted")
ORDER BY "w"."wetter"
2026-07-27 10:39:31.3326|INFO|Microsoft.EntityFrameworkCore.Database.Command|Executed DbCommand (0ms) [Parameters=[], CommandType='Text', CommandTimeout='30']
SELECT "v"."id" AS "Id", "v"."vereinsname" AS "Name"
FROM "vereine" AS "v"
WHERE NOT ("v"."is_deleted")
ORDER BY "v"."vereinsname"
2026-07-27 10:39:31.3326|INFO|Microsoft.EntityFrameworkCore.Database.Command|Executed DbCommand (0ms) [Parameters=[], CommandType='Text', CommandTimeout='30']
SELECT "d"."id" AS "Id", "d"."disziplin" AS "Name"
FROM "disziplin" AS "d"
WHERE NOT ("d"."is_deleted")
ORDER BY "d"."disziplin"
2026-07-27 10:39:31.3326|INFO|Microsoft.EntityFrameworkCore.Database.Command|Executed DbCommand (0ms) [Parameters=[], CommandType='Text', CommandTimeout='30']
SELECT "w"."id" AS "Id", "w"."wetter" AS "Name"
FROM "wetter" AS "w"
WHERE NOT ("w"."is_deleted")
ORDER BY "w"."wetter"
2026-07-27 10:39:31.3326|INFO|Microsoft.EntityFrameworkCore.Database.Command|Executed DbCommand (0ms) [Parameters=[], CommandType='Text', CommandTimeout='30']
SELECT "k"."id", "k"."Name" IS NULL OR trim("k"."Name") = '', "k"."Name"
FROM "karts" AS "k"
WHERE NOT ("k"."is_deleted")
ORDER BY "k"."Name", "k"."id"
2026-07-27 10:39:31.3814|INFO|Microsoft.EntityFrameworkCore.Database.Command|Executed DbCommand (0ms) [Parameters=[], CommandType='Text', CommandTimeout='30']
SELECT "s"."id", "s"."last_sync_utc"
FROM "sync_state" AS "s"
WHERE "s"."id" = 'global'
LIMIT 1
2026-07-27 10:39:31.3814|INFO|Microsoft.EntityFrameworkCore.Database.Command|Executed DbCommand (4ms) [Parameters=[], CommandType='Text', CommandTimeout='30']
SELECT `s`.`id`, `s`.`last_sync_utc`
FROM `sync_state` AS `s`
WHERE `s`.`id` = 'global'
LIMIT 1
2026-07-27 10:39:31.3814|INFO|Microsoft.EntityFrameworkCore.Database.Command|Executed DbCommand (0ms) [Parameters=[@__lastSyncUtc_0='?' (DbType = DateTime)], CommandType='Text', CommandTimeout='30']
SELECT COUNT(*)
FROM "disziplin" AS "d"
WHERE "d"."updated_at_utc" > @__lastSyncUtc_0
2026-07-27 10:39:31.3814|INFO|Microsoft.EntityFrameworkCore.Database.Command|Executed DbCommand (0ms) [Parameters=[@__lastSyncUtc_0='?' (DbType = DateTime)], CommandType='Text', CommandTimeout='30']
SELECT COUNT(*)
FROM "disziplin_altersklassen" AS "d"
WHERE "d"."updated_at_utc" > @__lastSyncUtc_0
2026-07-27 10:39:31.3814|INFO|Microsoft.EntityFrameworkCore.Database.Command|Executed DbCommand (0ms) [Parameters=[@__lastSyncUtc_0='?' (DbType = DateTime)], CommandType='Text', CommandTimeout='30']
SELECT COUNT(*)
FROM "vereine" AS "v"
WHERE "v"."updated_at_utc" > @__lastSyncUtc_0
2026-07-27 10:39:31.3814|INFO|Microsoft.EntityFrameworkCore.Database.Command|Executed DbCommand (0ms) [Parameters=[@__lastSyncUtc_0='?' (DbType = DateTime)], CommandType='Text', CommandTimeout='30']
SELECT COUNT(*)
FROM "wetter" AS "w"
WHERE "w"."updated_at_utc" > @__lastSyncUtc_0
2026-07-27 10:39:31.3814|INFO|Microsoft.EntityFrameworkCore.Database.Command|Executed DbCommand (0ms) [Parameters=[@__lastSyncUtc_0='?' (DbType = DateTime)], CommandType='Text', CommandTimeout='30']
SELECT COUNT(*)
FROM "fahrer" AS "f"
WHERE "f"."updated_at_utc" > @__lastSyncUtc_0
2026-07-27 10:39:31.3814|INFO|Microsoft.EntityFrameworkCore.Database.Command|Executed DbCommand (0ms) [Parameters=[@__lastSyncUtc_0='?' (DbType = DateTime)], CommandType='Text', CommandTimeout='30']
SELECT COUNT(*)
FROM "training" AS "t"
WHERE "t"."updated_at_utc" > @__lastSyncUtc_0
2026-07-27 10:39:31.3814|INFO|Microsoft.EntityFrameworkCore.Database.Command|Executed DbCommand (0ms) [Parameters=[@__lastSyncUtc_0='?' (DbType = DateTime)], CommandType='Text', CommandTimeout='30']
SELECT COUNT(*)
FROM "meisterschaften" AS "m"
WHERE "m"."updated_at_utc" > @__lastSyncUtc_0
2026-07-27 10:39:31.3814|INFO|Microsoft.EntityFrameworkCore.Database.Command|Executed DbCommand (0ms) [Parameters=[@__lastSyncUtc_0='?' (DbType = DateTime)], CommandType='Text', CommandTimeout='30']
SELECT COUNT(*)
FROM "karts" AS "k"
WHERE "k"."updated_at_utc" > @__lastSyncUtc_0
2026-07-27 10:39:31.3814|INFO|Microsoft.EntityFrameworkCore.Database.Command|Executed DbCommand (0ms) [Parameters=[@__lastSyncUtc_0='?' (DbType = DateTime)], CommandType='Text', CommandTimeout='30']
SELECT COUNT(*)
FROM "tstints" AS "t"
WHERE "t"."updated_at_utc" > @__lastSyncUtc_0
2026-07-27 10:39:31.3814|INFO|Microsoft.EntityFrameworkCore.Database.Command|Executed DbCommand (0ms) [Parameters=[@__lastSyncUtc_0='?' (DbType = DateTime)], CommandType='Text', CommandTimeout='30']
SELECT COUNT(*)
FROM "mstints" AS "m"
WHERE "m"."updated_at_utc" > @__lastSyncUtc_0
2026-07-27 10:39:31.3814|INFO|Microsoft.EntityFrameworkCore.Database.Command|Executed DbCommand (0ms) [Parameters=[@__lastSyncUtc_0='?' (DbType = DateTime)], CommandType='Text', CommandTimeout='30']
SELECT COUNT(*)
FROM "fahrer_im_training" AS "f"
WHERE "f"."updated_at_utc" > @__lastSyncUtc_0
2026-07-27 10:39:31.3814|INFO|Microsoft.EntityFrameworkCore.Database.Command|Executed DbCommand (0ms) [Parameters=[@__lastSyncUtc_0='?' (DbType = DateTime)], CommandType='Text', CommandTimeout='30']
SELECT COUNT(*)
FROM "fahrer_inder_meisterschaft" AS "f"
WHERE "f"."updated_at_utc" > @__lastSyncUtc_0
2026-07-27 10:39:31.3814|INFO|Microsoft.EntityFrameworkCore.Database.Command|Executed DbCommand (0ms) [Parameters=[@__lastSyncUtc_0='?' (DbType = DateTime)], CommandType='Text', CommandTimeout='30']
SELECT COUNT(*)
FROM "trunden" AS "t"
WHERE "t"."updated_at_utc" > @__lastSyncUtc_0
2026-07-27 10:39:31.3814|INFO|Microsoft.EntityFrameworkCore.Database.Command|Executed DbCommand (0ms) [Parameters=[@__lastSyncUtc_0='?' (DbType = DateTime)], CommandType='Text', CommandTimeout='30']
SELECT COUNT(*)
FROM "mrunden" AS "m"
WHERE "m"."updated_at_utc" > @__lastSyncUtc_0
2026-07-27 10:39:31.3981|INFO|Microsoft.EntityFrameworkCore.Database.Command|Executed DbCommand (5ms) [Parameters=[@__lastSyncUtc_0='?' (DbType = DateTime)], CommandType='Text', CommandTimeout='30']
SELECT COUNT(*)
FROM `disziplin` AS `d`
WHERE `d`.`updated_at_utc` > @__lastSyncUtc_0
2026-07-27 10:39:31.3981|INFO|Microsoft.EntityFrameworkCore.Database.Command|Executed DbCommand (4ms) [Parameters=[@__lastSyncUtc_0='?' (DbType = DateTime)], CommandType='Text', CommandTimeout='30']
SELECT COUNT(*)
FROM `disziplin_altersklassen` AS `d`
WHERE `d`.`updated_at_utc` > @__lastSyncUtc_0
2026-07-27 10:39:31.4129|INFO|Microsoft.EntityFrameworkCore.Database.Command|Executed DbCommand (5ms) [Parameters=[@__lastSyncUtc_0='?' (DbType = DateTime)], CommandType='Text', CommandTimeout='30']
SELECT COUNT(*)
FROM `vereine` AS `v`
WHERE `v`.`updated_at_utc` > @__lastSyncUtc_0
2026-07-27 10:39:31.4129|INFO|Microsoft.EntityFrameworkCore.Database.Command|Executed DbCommand (5ms) [Parameters=[@__lastSyncUtc_0='?' (DbType = DateTime)], CommandType='Text', CommandTimeout='30']
SELECT COUNT(*)
FROM `wetter` AS `w`
WHERE `w`.`updated_at_utc` > @__lastSyncUtc_0
2026-07-27 10:39:31.4280|INFO|Microsoft.EntityFrameworkCore.Database.Command|Executed DbCommand (5ms) [Parameters=[@__lastSyncUtc_0='?' (DbType = DateTime)], CommandType='Text', CommandTimeout='30']
SELECT COUNT(*)
FROM `fahrer` AS `f`
WHERE `f`.`updated_at_utc` > @__lastSyncUtc_0
2026-07-27 10:39:31.4280|INFO|Microsoft.EntityFrameworkCore.Database.Command|Executed DbCommand (5ms) [Parameters=[@__lastSyncUtc_0='?' (DbType = DateTime)], CommandType='Text', CommandTimeout='30']
SELECT COUNT(*)
FROM `training` AS `t`
WHERE `t`.`updated_at_utc` > @__lastSyncUtc_0
2026-07-27 10:39:31.4430|INFO|Microsoft.EntityFrameworkCore.Database.Command|Executed DbCommand (5ms) [Parameters=[@__lastSyncUtc_0='?' (DbType = DateTime)], CommandType='Text', CommandTimeout='30']
SELECT COUNT(*)
FROM `meisterschaften` AS `m`
WHERE `m`.`updated_at_utc` > @__lastSyncUtc_0
2026-07-27 10:39:31.4430|INFO|Microsoft.EntityFrameworkCore.Database.Command|Executed DbCommand (5ms) [Parameters=[@__lastSyncUtc_0='?' (DbType = DateTime)], CommandType='Text', CommandTimeout='30']
SELECT COUNT(*)
FROM `karts` AS `k`
WHERE `k`.`updated_at_utc` > @__lastSyncUtc_0
2026-07-27 10:39:31.4612|INFO|Microsoft.EntityFrameworkCore.Database.Command|Executed DbCommand (5ms) [Parameters=[@__lastSyncUtc_0='?' (DbType = DateTime)], CommandType='Text', CommandTimeout='30']
SELECT COUNT(*)
FROM `tstints` AS `t`
WHERE `t`.`updated_at_utc` > @__lastSyncUtc_0
2026-07-27 10:39:31.4715|INFO|Microsoft.EntityFrameworkCore.Database.Command|Executed DbCommand (5ms) [Parameters=[@__lastSyncUtc_0='?' (DbType = DateTime)], CommandType='Text', CommandTimeout='30']
SELECT COUNT(*)
FROM `mstints` AS `m`
WHERE `m`.`updated_at_utc` > @__lastSyncUtc_0
2026-07-27 10:39:31.4715|INFO|Microsoft.EntityFrameworkCore.Database.Command|Executed DbCommand (4ms) [Parameters=[@__lastSyncUtc_0='?' (DbType = DateTime)], CommandType='Text', CommandTimeout='30']
SELECT COUNT(*)
FROM `fahrer_im_training` AS `f`
WHERE `f`.`updated_at_utc` > @__lastSyncUtc_0
2026-07-27 10:39:31.4876|INFO|Microsoft.EntityFrameworkCore.Database.Command|Executed DbCommand (5ms) [Parameters=[@__lastSyncUtc_0='?' (DbType = DateTime)], CommandType='Text', CommandTimeout='30']
SELECT COUNT(*)
FROM `fahrer_inder_meisterschaft` AS `f`
WHERE `f`.`updated_at_utc` > @__lastSyncUtc_0
2026-07-27 10:39:31.4876|INFO|Microsoft.EntityFrameworkCore.Database.Command|Executed DbCommand (6ms) [Parameters=[@__lastSyncUtc_0='?' (DbType = DateTime)], CommandType='Text', CommandTimeout='30']
SELECT COUNT(*)
FROM `trunden` AS `t`
WHERE `t`.`updated_at_utc` > @__lastSyncUtc_0
2026-07-27 10:39:31.5078|INFO|Microsoft.EntityFrameworkCore.Database.Command|Executed DbCommand (6ms) [Parameters=[@__lastSyncUtc_0='?' (DbType = DateTime)], CommandType='Text', CommandTimeout='30']
SELECT COUNT(*)
FROM `mrunden` AS `m`
WHERE `m`.`updated_at_utc` > @__lastSyncUtc_0
2026-07-27 10:39:31.5078|INFO|Microsoft.EntityFrameworkCore.Database.Command|Executed DbCommand (0ms) [Parameters=[], CommandType='Text', CommandTimeout='30']
SELECT "d"."id"
FROM "disziplin" AS "d"
2026-07-27 10:39:31.5237|INFO|Microsoft.EntityFrameworkCore.Database.Command|Executed DbCommand (6ms) [Parameters=[], CommandType='Text', CommandTimeout='30']
SELECT `d`.`id`
FROM `disziplin` AS `d`
2026-07-27 10:39:31.5237|INFO|Microsoft.EntityFrameworkCore.Database.Command|Executed DbCommand (0ms) [Parameters=[], CommandType='Text', CommandTimeout='30']
SELECT "d"."id"
FROM "disziplin_altersklassen" AS "d"
2026-07-27 10:39:31.5373|INFO|Microsoft.EntityFrameworkCore.Database.Command|Executed DbCommand (5ms) [Parameters=[], CommandType='Text', CommandTimeout='30']
SELECT `d`.`id`
FROM `disziplin_altersklassen` AS `d`
2026-07-27 10:39:31.5373|INFO|Microsoft.EntityFrameworkCore.Database.Command|Executed DbCommand (1ms) [Parameters=[], CommandType='Text', CommandTimeout='30']
SELECT "v"."id"
FROM "vereine" AS "v"
2026-07-27 10:39:31.5498|INFO|Microsoft.EntityFrameworkCore.Database.Command|Executed DbCommand (4ms) [Parameters=[], CommandType='Text', CommandTimeout='30']
SELECT `v`.`id`
FROM `vereine` AS `v`
2026-07-27 10:39:31.5498|INFO|Microsoft.EntityFrameworkCore.Database.Command|Executed DbCommand (0ms) [Parameters=[], CommandType='Text', CommandTimeout='30']
SELECT "w"."id"
FROM "wetter" AS "w"
2026-07-27 10:39:31.5498|INFO|Microsoft.EntityFrameworkCore.Database.Command|Executed DbCommand (5ms) [Parameters=[], CommandType='Text', CommandTimeout='30']
SELECT `w`.`id`
FROM `wetter` AS `w`
2026-07-27 10:39:31.5498|INFO|Microsoft.EntityFrameworkCore.Database.Command|Executed DbCommand (0ms) [Parameters=[], CommandType='Text', CommandTimeout='30']
SELECT "f"."id"
FROM "fahrer" AS "f"
2026-07-27 10:39:31.5734|INFO|Microsoft.EntityFrameworkCore.Database.Command|Executed DbCommand (5ms) [Parameters=[], CommandType='Text', CommandTimeout='30']
SELECT `f`.`id`
FROM `fahrer` AS `f`
2026-07-27 10:39:31.5734|INFO|Microsoft.EntityFrameworkCore.Database.Command|Executed DbCommand (0ms) [Parameters=[], CommandType='Text', CommandTimeout='30']
SELECT "t"."id"
FROM "training" AS "t"
2026-07-27 10:39:31.5853|INFO|Microsoft.EntityFrameworkCore.Database.Command|Executed DbCommand (6ms) [Parameters=[], CommandType='Text', CommandTimeout='30']
SELECT `t`.`id`
FROM `training` AS `t`
2026-07-27 10:39:31.5853|INFO|Microsoft.EntityFrameworkCore.Database.Command|Executed DbCommand (1ms) [Parameters=[], CommandType='Text', CommandTimeout='30']
SELECT "m"."id"
FROM "meisterschaften" AS "m"
2026-07-27 10:39:31.6002|INFO|Microsoft.EntityFrameworkCore.Database.Command|Executed DbCommand (8ms) [Parameters=[], CommandType='Text', CommandTimeout='30']
SELECT `m`.`id`
FROM `meisterschaften` AS `m`
2026-07-27 10:39:31.6002|INFO|Microsoft.EntityFrameworkCore.Database.Command|Executed DbCommand (0ms) [Parameters=[], CommandType='Text', CommandTimeout='30']
SELECT "k"."id"
FROM "karts" AS "k"
2026-07-27 10:39:31.6141|INFO|Microsoft.EntityFrameworkCore.Database.Command|Executed DbCommand (6ms) [Parameters=[], CommandType='Text', CommandTimeout='30']
SELECT `k`.`id`
FROM `karts` AS `k`
2026-07-27 10:39:31.6141|INFO|Microsoft.EntityFrameworkCore.Database.Command|Executed DbCommand (0ms) [Parameters=[], CommandType='Text', CommandTimeout='30']
SELECT "t"."id"
FROM "tstints" AS "t"
2026-07-27 10:39:31.6268|INFO|Microsoft.EntityFrameworkCore.Database.Command|Executed DbCommand (5ms) [Parameters=[], CommandType='Text', CommandTimeout='30']
SELECT `t`.`id`
FROM `tstints` AS `t`
2026-07-27 10:39:31.6268|INFO|Microsoft.EntityFrameworkCore.Database.Command|Executed DbCommand (1ms) [Parameters=[], CommandType='Text', CommandTimeout='30']
SELECT "m"."id"
FROM "mstints" AS "m"
2026-07-27 10:39:31.6268|INFO|Microsoft.EntityFrameworkCore.Database.Command|Executed DbCommand (6ms) [Parameters=[], CommandType='Text', CommandTimeout='30']
SELECT `m`.`id`
FROM `mstints` AS `m`
2026-07-27 10:39:31.6268|INFO|Microsoft.EntityFrameworkCore.Database.Command|Executed DbCommand (0ms) [Parameters=[], CommandType='Text', CommandTimeout='30']
SELECT "t"."id"
FROM "trunden" AS "t"
2026-07-27 10:39:31.6494|INFO|Microsoft.EntityFrameworkCore.Database.Command|Executed DbCommand (6ms) [Parameters=[], CommandType='Text', CommandTimeout='30']
SELECT `t`.`id`
FROM `trunden` AS `t`
2026-07-27 10:39:31.6494|INFO|Microsoft.EntityFrameworkCore.Database.Command|Executed DbCommand (1ms) [Parameters=[], CommandType='Text', CommandTimeout='30']
SELECT "m"."id"
FROM "mrunden" AS "m"
2026-07-27 10:39:31.6595|INFO|Microsoft.EntityFrameworkCore.Database.Command|Executed DbCommand (5ms) [Parameters=[], CommandType='Text', CommandTimeout='30']
SELECT `m`.`id`
FROM `mrunden` AS `m`
2026-07-27 10:39:31.6595|INFO|Microsoft.EntityFrameworkCore.Database.Command|Executed DbCommand (0ms) [Parameters=[], CommandType='Text', CommandTimeout='30']
SELECT "f"."fk_id_training" AS "TrainingId", "f"."fk_id_fahrer" AS "FahrerId"
FROM "fahrer_im_training" AS "f"
2026-07-27 10:39:31.6595|INFO|Microsoft.EntityFrameworkCore.Database.Command|Executed DbCommand (5ms) [Parameters=[], CommandType='Text', CommandTimeout='30']
SELECT `f`.`fk_id_training` AS `TrainingId`, `f`.`fk_id_fahrer` AS `FahrerId`
FROM `fahrer_im_training` AS `f`
2026-07-27 10:39:31.6744|INFO|Microsoft.EntityFrameworkCore.Database.Command|Executed DbCommand (1ms) [Parameters=[], CommandType='Text', CommandTimeout='30']
SELECT "f"."fk_id_meisterschaft" AS "MeisterschaftId", "f"."fk_id_fahrer" AS "FahrerId"
FROM "fahrer_inder_meisterschaft" AS "f"
2026-07-27 10:39:31.6744|INFO|Microsoft.EntityFrameworkCore.Database.Command|Executed DbCommand (6ms) [Parameters=[], CommandType='Text', CommandTimeout='30']
SELECT `f`.`fk_id_meisterschaft` AS `MeisterschaftId`, `f`.`fk_id_fahrer` AS `FahrerId`
FROM `fahrer_inder_meisterschaft` AS `f`
2026-07-27 10:39:34.6032|INFO|Microsoft.EntityFrameworkCore.Database.Command|Executed DbCommand (1ms) [Parameters=[@__trainingId_0='?' (DbType = Int32)], CommandType='Text', CommandTimeout='30']
SELECT "t"."id", "t"."beschreibung", "t"."deleted_at_utc", "t"."fk_id_disziplin", "t"."is_deleted", "t"."name", "t"."training_abgeschlossen", "t"."updated_at_utc", "t"."fk_id_verein", "t"."fk_id_wetter", "t"."zeitpunkt", "t0"."id", "t0"."adresse", "t0"."deleted_at_utc", "t0"."is_deleted", "t0"."logo", "t0"."mitglieds_nummer", "t0"."ort", "t0"."postleitzahl", "t0"."updated_at_utc", "t0"."vereinsname", "t1"."id", "t1"."deleted_at_utc", "t1"."is_deleted", "t1"."disziplin", "t1"."updated_at_utc", "t1"."pf", "t1"."tf", "t2"."id", "t2"."wetter", "t2"."deleted_at_utc", "t2"."is_deleted", "t2"."updated_at_utc"
FROM "training" AS "t"
INNER JOIN (
    SELECT "v"."id", "v"."adresse", "v"."deleted_at_utc", "v"."is_deleted", "v"."logo", "v"."mitglieds_nummer", "v"."ort", "v"."postleitzahl", "v"."updated_at_utc", "v"."vereinsname"
    FROM "vereine" AS "v"
    WHERE NOT ("v"."is_deleted")
) AS "t0" ON "t"."fk_id_verein" = "t0"."id"
INNER JOIN (
    SELECT "d"."id", "d"."deleted_at_utc", "d"."is_deleted", "d"."disziplin", "d"."updated_at_utc", "d"."pf", "d"."tf"
    FROM "disziplin" AS "d"
    WHERE NOT ("d"."is_deleted")
) AS "t1" ON "t"."fk_id_disziplin" = "t1"."id"
INNER JOIN (
    SELECT "w"."id", "w"."wetter", "w"."deleted_at_utc", "w"."is_deleted", "w"."updated_at_utc"
    FROM "wetter" AS "w"
    WHERE NOT ("w"."is_deleted")
) AS "t2" ON "t"."fk_id_wetter" = "t2"."id"
WHERE NOT ("t"."is_deleted") AND "t"."id" = @__trainingId_0
LIMIT 1
2026-07-27 10:39:34.6032|INFO|Microsoft.EntityFrameworkCore.Database.Command|Executed DbCommand (0ms) [Parameters=[@__trainingId_0='?' (DbType = Int32)], CommandType='Text', CommandTimeout='30']
SELECT "t"."zeitpunkt" AS "Zeitpunkt", "t"."fk_id_disziplin" AS "DisziplinId"
FROM "training" AS "t"
WHERE NOT ("t"."is_deleted") AND "t"."id" = @__trainingId_0
LIMIT 1
2026-07-27 10:39:34.6032|INFO|Microsoft.EntityFrameworkCore.Database.Command|Executed DbCommand (0ms) [Parameters=[@__trainingMeta_DisziplinId_0='?' (DbType = Int32)], CommandType='Text', CommandTimeout='30']
SELECT "d"."id", "d"."alter_bis", "d"."alter_von", "d"."bezeichnung", "d"."deleted_at_utc", "d"."fk_id_disziplin", "d"."is_deleted", "d"."updated_at_utc"
FROM "disziplin_altersklassen" AS "d"
WHERE NOT ("d"."is_deleted") AND "d"."fk_id_disziplin" = @__trainingMeta_DisziplinId_0
ORDER BY "d"."alter_von", COALESCE("d"."alter_bis", 2147483647)
2026-07-27 10:39:34.6032|INFO|Microsoft.EntityFrameworkCore.Database.Command|Executed DbCommand (0ms) [Parameters=[@__trainingId_0='?' (DbType = Int32)], CommandType='Text', CommandTimeout='30']
SELECT "f"."fk_id_fahrer" AS "FahrerId", "f"."reihenfolge" AS "Reihenfolge", "t"."vorname" AS "Vorname", COALESCE("t"."nachname", '') AS "Nachname", "t0"."vereinsname" AS "VereinName", "t"."geburtsdatum" AS "Geburtsdatum"
FROM "fahrer_im_training" AS "f"
INNER JOIN (
    SELECT "f0"."id", "f0"."geburtsdatum", "f0"."nachname", "f0"."fk_id_verein", "f0"."vorname"
    FROM "fahrer" AS "f0"
    WHERE NOT ("f0"."is_deleted")
) AS "t" ON "f"."fk_id_fahrer" = "t"."id"
INNER JOIN (
    SELECT "v"."id", "v"."vereinsname"
    FROM "vereine" AS "v"
    WHERE NOT ("v"."is_deleted")
) AS "t0" ON "t"."fk_id_verein" = "t0"."id"
WHERE NOT ("f"."is_deleted") AND "f"."fk_id_training" = @__trainingId_0
ORDER BY "f"."reihenfolge", "t"."vorname", "t"."nachname"
2026-07-27 10:39:34.6032|INFO|Microsoft.EntityFrameworkCore.Database.Command|Executed DbCommand (0ms) [Parameters=[@__trainingId_0='?' (DbType = Int32)], CommandType='Text', CommandTimeout='30']
SELECT "t0"."tf" AS "Torfehler", "t0"."pf" AS "Pylonenfehler"
FROM "training" AS "t"
INNER JOIN (
    SELECT "d"."id", "d"."pf", "d"."tf"
    FROM "disziplin" AS "d"
    WHERE NOT ("d"."is_deleted")
) AS "t0" ON "t"."fk_id_disziplin" = "t0"."id"
WHERE NOT ("t"."is_deleted") AND "t"."id" = @__trainingId_0
LIMIT 1
2026-07-27 10:39:34.6032|INFO|Microsoft.EntityFrameworkCore.Database.Command|Executed DbCommand (0ms) [Parameters=[@__trainingId_0='?' (DbType = Int32)], CommandType='Text', CommandTimeout='30']
SELECT "t0"."fk_id_fahrer" AS "FahrerId", "t2"."vorname" AS "Vorname", COALESCE("t2"."nachname", '') AS "Nachname", "t0"."altersklasse_snapshot" AS "AltersklasseSnapshot", "t3"."Name" AS "KartName", "t0"."datum" AS "Zeitpunkt", COALESCE("t"."runde", 0) AS "Runde", "t"."rundenzeit" AS "Rundenzeit", COALESCE("t"."pf", 0) AS "Pylonen", COALESCE("t"."tf", 0) AS "Tore", "t"."ungueltig" AS "Ungueltig"
FROM "trunden" AS "t"
LEFT JOIN (
    SELECT "t1"."id", "t1"."altersklasse_snapshot", "t1"."datum", "t1"."fk_id_fahrer", "t1"."fk_id_kart", "t1"."fk_id_training"
    FROM "tstints" AS "t1"
    WHERE NOT ("t1"."is_deleted")
) AS "t0" ON "t"."fk_id_tstint" = "t0"."id"
LEFT JOIN (
    SELECT "f"."id", "f"."nachname", "f"."vorname"
    FROM "fahrer" AS "f"
    WHERE NOT ("f"."is_deleted")
) AS "t2" ON "t0"."fk_id_fahrer" = "t2"."id"
LEFT JOIN (
    SELECT "k"."id", "k"."Name"
    FROM "karts" AS "k"
    WHERE NOT ("k"."is_deleted")
) AS "t3" ON "t0"."fk_id_kart" = "t3"."id"
WHERE NOT ("t"."is_deleted") AND "t0"."id" IS NOT NULL AND "t0"."fk_id_training" = @__trainingId_0
2026-07-27 10:39:35.2346|INFO|Microsoft.EntityFrameworkCore.Database.Command|Executed DbCommand (0ms) [Parameters=[], CommandType='Text', CommandTimeout='30']
SELECT "t"."id", "t"."fk_id_verein", "t"."fk_id_disziplin", "t"."fk_id_wetter", "t"."name", "t"."beschreibung", "t"."zeitpunkt", "t"."training_abgeschlossen", CASE
    WHEN "t"."training_abgeschlossen" THEN 'Ja'
    ELSE 'Nein'
END, "t0"."vereinsname", "t1"."disziplin", "t2"."wetter"
FROM "training" AS "t"
INNER JOIN (
    SELECT "v"."id", "v"."vereinsname"
    FROM "vereine" AS "v"
    WHERE NOT ("v"."is_deleted")
) AS "t0" ON "t"."fk_id_verein" = "t0"."id"
INNER JOIN (
    SELECT "d"."id", "d"."disziplin"
    FROM "disziplin" AS "d"
    WHERE NOT ("d"."is_deleted")
) AS "t1" ON "t"."fk_id_disziplin" = "t1"."id"
INNER JOIN (
    SELECT "w"."id", "w"."wetter"
    FROM "wetter" AS "w"
    WHERE NOT ("w"."is_deleted")
) AS "t2" ON "t"."fk_id_wetter" = "t2"."id"
WHERE NOT ("t"."is_deleted")
ORDER BY "t"."zeitpunkt" DESC, "t"."name"
2026-07-27 10:39:35.7701|INFO|Microsoft.EntityFrameworkCore.Database.Command|Executed DbCommand (0ms) [Parameters=[], CommandType='Text', CommandTimeout='30']
SELECT "t"."id", "t"."fk_id_verein", "t"."fk_id_disziplin", "t"."fk_id_wetter", "t"."name", "t"."beschreibung", "t"."zeitpunkt", "t"."training_abgeschlossen", CASE
    WHEN "t"."training_abgeschlossen" THEN 'Ja'
    ELSE 'Nein'
END, "t0"."vereinsname", "t1"."disziplin", "t2"."wetter"
FROM "training" AS "t"
INNER JOIN (
    SELECT "v"."id", "v"."vereinsname"
    FROM "vereine" AS "v"
    WHERE NOT ("v"."is_deleted")
) AS "t0" ON "t"."fk_id_verein" = "t0"."id"
INNER JOIN (
    SELECT "d"."id", "d"."disziplin"
    FROM "disziplin" AS "d"
    WHERE NOT ("d"."is_deleted")
) AS "t1" ON "t"."fk_id_disziplin" = "t1"."id"
INNER JOIN (
    SELECT "w"."id", "w"."wetter"
    FROM "wetter" AS "w"
    WHERE NOT ("w"."is_deleted")
) AS "t2" ON "t"."fk_id_wetter" = "t2"."id"
WHERE NOT ("t"."is_deleted")
ORDER BY "t"."zeitpunkt" DESC, "t"."name"
2026-07-27 10:39:36.3241|INFO|Microsoft.EntityFrameworkCore.Database.Command|Executed DbCommand (1ms) [Parameters=[@__trainingId_0='?' (DbType = Int32)], CommandType='Text', CommandTimeout='30']
SELECT "t"."id", "t"."beschreibung", "t"."deleted_at_utc", "t"."fk_id_disziplin", "t"."is_deleted", "t"."name", "t"."training_abgeschlossen", "t"."updated_at_utc", "t"."fk_id_verein", "t"."fk_id_wetter", "t"."zeitpunkt", "t0"."id", "t0"."adresse", "t0"."deleted_at_utc", "t0"."is_deleted", "t0"."logo", "t0"."mitglieds_nummer", "t0"."ort", "t0"."postleitzahl", "t0"."updated_at_utc", "t0"."vereinsname", "t1"."id", "t1"."deleted_at_utc", "t1"."is_deleted", "t1"."disziplin", "t1"."updated_at_utc", "t1"."pf", "t1"."tf", "t2"."id", "t2"."wetter", "t2"."deleted_at_utc", "t2"."is_deleted", "t2"."updated_at_utc"
FROM "training" AS "t"
INNER JOIN (
    SELECT "v"."id", "v"."adresse", "v"."deleted_at_utc", "v"."is_deleted", "v"."logo", "v"."mitglieds_nummer", "v"."ort", "v"."postleitzahl", "v"."updated_at_utc", "v"."vereinsname"
    FROM "vereine" AS "v"
    WHERE NOT ("v"."is_deleted")
) AS "t0" ON "t"."fk_id_verein" = "t0"."id"
INNER JOIN (
    SELECT "d"."id", "d"."deleted_at_utc", "d"."is_deleted", "d"."disziplin", "d"."updated_at_utc", "d"."pf", "d"."tf"
    FROM "disziplin" AS "d"
    WHERE NOT ("d"."is_deleted")
) AS "t1" ON "t"."fk_id_disziplin" = "t1"."id"
INNER JOIN (
    SELECT "w"."id", "w"."wetter", "w"."deleted_at_utc", "w"."is_deleted", "w"."updated_at_utc"
    FROM "wetter" AS "w"
    WHERE NOT ("w"."is_deleted")
) AS "t2" ON "t"."fk_id_wetter" = "t2"."id"
WHERE NOT ("t"."is_deleted") AND "t"."id" = @__trainingId_0
LIMIT 1
2026-07-27 10:39:36.3241|INFO|Microsoft.EntityFrameworkCore.Database.Command|Executed DbCommand (0ms) [Parameters=[@__trainingId_0='?' (DbType = Int32)], CommandType='Text', CommandTimeout='30']
SELECT "t"."zeitpunkt" AS "Zeitpunkt", "t"."fk_id_disziplin" AS "DisziplinId"
FROM "training" AS "t"
WHERE NOT ("t"."is_deleted") AND "t"."id" = @__trainingId_0
LIMIT 1
2026-07-27 10:39:36.3241|INFO|Microsoft.EntityFrameworkCore.Database.Command|Executed DbCommand (0ms) [Parameters=[@__trainingMeta_DisziplinId_0='?' (DbType = Int32)], CommandType='Text', CommandTimeout='30']
SELECT "d"."id", "d"."alter_bis", "d"."alter_von", "d"."bezeichnung", "d"."deleted_at_utc", "d"."fk_id_disziplin", "d"."is_deleted", "d"."updated_at_utc"
FROM "disziplin_altersklassen" AS "d"
WHERE NOT ("d"."is_deleted") AND "d"."fk_id_disziplin" = @__trainingMeta_DisziplinId_0
ORDER BY "d"."alter_von", COALESCE("d"."alter_bis", 2147483647)
2026-07-27 10:39:36.3241|INFO|Microsoft.EntityFrameworkCore.Database.Command|Executed DbCommand (0ms) [Parameters=[@__trainingId_0='?' (DbType = Int32)], CommandType='Text', CommandTimeout='30']
SELECT "f"."fk_id_fahrer" AS "FahrerId", "f"."reihenfolge" AS "Reihenfolge", "t"."vorname" AS "Vorname", COALESCE("t"."nachname", '') AS "Nachname", "t0"."vereinsname" AS "VereinName", "t"."geburtsdatum" AS "Geburtsdatum"
FROM "fahrer_im_training" AS "f"
INNER JOIN (
    SELECT "f0"."id", "f0"."geburtsdatum", "f0"."nachname", "f0"."fk_id_verein", "f0"."vorname"
    FROM "fahrer" AS "f0"
    WHERE NOT ("f0"."is_deleted")
) AS "t" ON "f"."fk_id_fahrer" = "t"."id"
INNER JOIN (
    SELECT "v"."id", "v"."vereinsname"
    FROM "vereine" AS "v"
    WHERE NOT ("v"."is_deleted")
) AS "t0" ON "t"."fk_id_verein" = "t0"."id"
WHERE NOT ("f"."is_deleted") AND "f"."fk_id_training" = @__trainingId_0
ORDER BY "f"."reihenfolge", "t"."vorname", "t"."nachname"
2026-07-27 10:39:36.3241|INFO|Microsoft.EntityFrameworkCore.Database.Command|Executed DbCommand (0ms) [Parameters=[@__trainingId_0='?' (DbType = Int32)], CommandType='Text', CommandTimeout='30']
SELECT "t0"."tf" AS "Torfehler", "t0"."pf" AS "Pylonenfehler"
FROM "training" AS "t"
INNER JOIN (
    SELECT "d"."id", "d"."pf", "d"."tf"
    FROM "disziplin" AS "d"
    WHERE NOT ("d"."is_deleted")
) AS "t0" ON "t"."fk_id_disziplin" = "t0"."id"
WHERE NOT ("t"."is_deleted") AND "t"."id" = @__trainingId_0
LIMIT 1
2026-07-27 10:39:36.3241|INFO|Microsoft.EntityFrameworkCore.Database.Command|Executed DbCommand (0ms) [Parameters=[@__trainingId_0='?' (DbType = Int32)], CommandType='Text', CommandTimeout='30']
SELECT "t0"."fk_id_fahrer" AS "FahrerId", "t2"."vorname" AS "Vorname", COALESCE("t2"."nachname", '') AS "Nachname", "t0"."altersklasse_snapshot" AS "AltersklasseSnapshot", "t3"."Name" AS "KartName", "t0"."datum" AS "Zeitpunkt", COALESCE("t"."runde", 0) AS "Runde", "t"."rundenzeit" AS "Rundenzeit", COALESCE("t"."pf", 0) AS "Pylonen", COALESCE("t"."tf", 0) AS "Tore", "t"."ungueltig" AS "Ungueltig"
FROM "trunden" AS "t"
LEFT JOIN (
    SELECT "t1"."id", "t1"."altersklasse_snapshot", "t1"."datum", "t1"."fk_id_fahrer", "t1"."fk_id_kart", "t1"."fk_id_training"
    FROM "tstints" AS "t1"
    WHERE NOT ("t1"."is_deleted")
) AS "t0" ON "t"."fk_id_tstint" = "t0"."id"
LEFT JOIN (
    SELECT "f"."id", "f"."nachname", "f"."vorname"
    FROM "fahrer" AS "f"
    WHERE NOT ("f"."is_deleted")
) AS "t2" ON "t0"."fk_id_fahrer" = "t2"."id"
LEFT JOIN (
    SELECT "k"."id", "k"."Name"
    FROM "karts" AS "k"
    WHERE NOT ("k"."is_deleted")
) AS "t3" ON "t0"."fk_id_kart" = "t3"."id"
WHERE NOT ("t"."is_deleted") AND "t0"."id" IS NOT NULL AND "t0"."fk_id_training" = @__trainingId_0
